`torch_dtype` is deprecated! Use `dtype` instead!
{"trace": 1, "total": 32}
{"trace": 2, "total": 32}
{"trace": 3, "total": 32}
{"trace": 4, "total": 32}
{"trace": 5, "total": 32}
{"trace": 6, "total": 32}
{"trace": 7, "total": 32}
{"trace": 8, "total": 32}
{"trace": 9, "total": 32}
{"trace": 10, "total": 32}
{"trace": 11, "total": 32}
{"trace": 12, "total": 32}
{"trace": 13, "total": 32}
{"trace": 14, "total": 32}
{"trace": 15, "total": 32}
{"trace": 16, "total": 32}
{"trace": 17, "total": 32}
{"trace": 18, "total": 32}
{"trace": 19, "total": 32}
{"trace": 20, "total": 32}
{"trace": 21, "total": 32}
{"trace": 22, "total": 32}
{"trace": 23, "total": 32}
{"trace": 24, "total": 32}
{"trace": 25, "total": 32}
{"trace": 26, "total": 32}
{"trace": 27, "total": 32}
{"trace": 28, "total": 32}
{"trace": 29, "total": 32}
{"trace": 30, "total": 32}
{"trace": 31, "total": 32}
{"trace": 32, "total": 32}
{"trained": "native", "seed": 41}
{"trained": "exposed", "seed": 41}
{"trained": "native", "seed": 42}
{"trained": "exposed", "seed": 42}
{"trained": "native", "seed": 43}
{"trained": "exposed", "seed": 43}
{"condition": 1, "conditions": 33, "task": "31000-0", "correct": true, "method": "full", "bits": 16, "mib": 0}
{"condition": 1, "conditions": 33, "task": "31000-1", "correct": true, "method": "full", "bits": 16, "mib": 0}
{"condition": 1, "conditions": 33, "task": "31000-2", "correct": true, "method": "full", "bits": 16, "mib": 0}
{"condition": 1, "conditions": 33, "task": "31000-3", "correct": true, "method": "full", "bits": 16, "mib": 0}
{"condition": 1, "conditions": 33, "task": "31000-4", "correct": true, "method": "full", "bits": 16, "mib": 0}
{"condition": 1, "conditions": 33, "task": "31000-5", "correct": true, "method": "full", "bits": 16, "mib": 0}
{"condition": 1, "conditions": 33, "task": "31000-6", "correct": true, "method": "full", "bits": 16, "mib": 0}
{"condition": 1, "conditions": 33, "task": "31000-7", "correct": true, "method": "full", "bits": 16, "mib": 0}
{"condition": 1, "conditions": 33, "task": "31000-8", "correct": true, "method": "full", "bits": 16, "mib": 0}
{"condition": 1, "conditions": 33, "task": "31000-9", "correct": true, "method": "full", "bits": 16, "mib": 0}
{"condition": 1, "conditions": 33, "task": "31000-10", "correct": true, "method": "full", "bits": 16, "mib": 0}
{"condition": 1, "conditions": 33, "task": "31000-11", "correct": true, "method": "full", "bits": 16, "mib": 0}
{"condition": 1, "conditions": 33, "task": "31000-12", "correct": true, "method": "full", "bits": 16, "mib": 0}
{"condition": 1, "conditions": 33, "task": "31000-13", "correct": true, "method": "full", "bits": 16, "mib": 0}
{"condition": 1, "conditions": 33, "task": "31000-14", "correct": true, "method": "full", "bits": 16, "mib": 0}
{"condition": 1, "conditions": 33, "task": "31000-15", "correct": true, "method": "full", "bits": 16, "mib": 0}
{"condition": 1, "conditions": 33, "task": "31000-16", "correct": true, "method": "full", "bits": 16, "mib": 0}
{"condition": 1, "conditions": 33, "task": "31000-17", "correct": true, "method": "full", "bits": 16, "mib": 0}
{"condition": 1, "conditions": 33, "task": "31000-18", "correct": true, "method": "full", "bits": 16, "mib": 0}
{"condition": 1, "conditions": 33, "task": "31000-19", "correct": true, "method": "full", "bits": 16, "mib": 0}
{"condition": 1, "conditions": 33, "task": "31000-20", "correct": true, "method": "full", "bits": 16, "mib": 0}
{"condition": 1, "conditions": 33, "task": "31000-21", "correct": true, "method": "full", "bits": 16, "mib": 0}
{"condition": 1, "conditions": 33, "task": "31000-22", "correct": true, "method": "full", "bits": 16, "mib": 0}
{"condition": 1, "conditions": 33, "task": "31000-23", "correct": true, "method": "full", "bits": 16, "mib": 0}
{"condition": 2, "conditions": 33, "task": "31000-23", "correct": false, "method": "recency", "bits": 16, "mib": 4}
{"condition": 2, "conditions": 33, "task": "31000-22", "correct": false, "method": "recency", "bits": 16, "mib": 4}
{"condition": 2, "conditions": 33, "task": "31000-21", "correct": false, "method": "recency", "bits": 16, "mib": 4}
{"condition": 2, "conditions": 33, "task": "31000-20", "correct": false, "method": "recency", "bits": 16, "mib": 4}
{"condition": 2, "conditions": 33, "task": "31000-19", "correct": false, "method": "recency", "bits": 16, "mib": 4}
{"condition": 2, "conditions": 33, "task": "31000-18", "correct": false, "method": "recency", "bits": 16, "mib": 4}
{"condition": 2, "conditions": 33, "task": "31000-17", "correct": false, "method": "recency", "bits": 16, "mib": 4}
{"condition": 2, "conditions": 33, "task": "31000-16", "correct": false, "method": "recency", "bits": 16, "mib": 4}
{"condition": 2, "conditions": 33, "task": "31000-15", "correct": false, "method": "recency", "bits": 16, "mib": 4}
{"condition": 2, "conditions": 33, "task": "31000-14", "correct": false, "method": "recency", "bits": 16, "mib": 4}
{"condition": 2, "conditions": 33, "task": "31000-13", "correct": false, "method": "recency", "bits": 16, "mib": 4}
{"condition": 2, "conditions": 33, "task": "31000-12", "correct": false, "method": "recency", "bits": 16, "mib": 4}
{"condition": 2, "conditions": 33, "task": "31000-11", "correct": false, "method": "recency", "bits": 16, "mib": 4}
{"condition": 2, "conditions": 33, "task": "31000-10", "correct": false, "method": "recency", "bits": 16, "mib": 4}
{"condition": 2, "conditions": 33, "task": "31000-9", "correct": false, "method": "recency", "bits": 16, "mib": 4}
{"condition": 2, "conditions": 33, "task": "31000-8", "correct": false, "method": "recency", "bits": 16, "mib": 4}
{"condition": 2, "conditions": 33, "task": "31000-7", "correct": false, "method": "recency", "bits": 16, "mib": 4}
{"condition": 2, "conditions": 33, "task": "31000-6", "correct": false, "method": "recency", "bits": 16, "mib": 4}
{"condition": 2, "conditions": 33, "task": "31000-5", "correct": false, "method": "recency", "bits": 16, "mib": 4}
{"condition": 2, "conditions": 33, "task": "31000-4", "correct": false, "method": "recency", "bits": 16, "mib": 4}
{"condition": 2, "conditions": 33, "task": "31000-3", "correct": false, "method": "recency", "bits": 16, "mib": 4}
{"condition": 2, "conditions": 33, "task": "31000-2", "correct": false, "method": "recency", "bits": 16, "mib": 4}
{"condition": 2, "conditions": 33, "task": "31000-1", "correct": false, "method": "recency", "bits": 16, "mib": 4}
{"condition": 2, "conditions": 33, "task": "31000-0", "correct": false, "method": "recency", "bits": 16, "mib": 4}
{"condition": 3, "conditions": 33, "task": "31000-0", "correct": false, "method": "random", "bits": 16, "mib": 4}
{"condition": 3, "conditions": 33, "task": "31000-1", "correct": false, "method": "random", "bits": 16, "mib": 4}
{"condition": 3, "conditions": 33, "task": "31000-2", "correct": false, "method": "random", "bits": 16, "mib": 4}
{"condition": 3, "conditions": 33, "task": "31000-3", "correct": false, "method": "random", "bits": 16, "mib": 4}
{"condition": 3, "conditions": 33, "task": "31000-4", "correct": false, "method": "random", "bits": 16, "mib": 4}
{"condition": 3, "conditions": 33, "task": "31000-5", "correct": false, "method": "random", "bits": 16, "mib": 4}
{"condition": 3, "conditions": 33, "task": "31000-6", "correct": false, "method": "random", "bits": 16, "mib": 4}
{"condition": 3, "conditions": 33, "task": "31000-7", "correct": false, "method": "random", "bits": 16, "mib": 4}
{"condition": 3, "conditions": 33, "task": "31000-8", "correct": false, "method": "random", "bits": 16, "mib": 4}
{"condition": 3, "conditions": 33, "task": "31000-9", "correct": false, "method": "random", "bits": 16, "mib": 4}
{"condition": 3, "conditions": 33, "task": "31000-10", "correct": false, "method": "random", "bits": 16, "mib": 4}
{"condition": 3, "conditions": 33, "task": "31000-11", "correct": false, "method": "random", "bits": 16, "mib": 4}
{"condition": 3, "conditions": 33, "task": "31000-12", "correct": false, "method": "random", "bits": 16, "mib": 4}
{"condition": 3, "conditions": 33, "task": "31000-13", "correct": false, "method": "random", "bits": 16, "mib": 4}
{"condition": 3, "conditions": 33, "task": "31000-14", "correct": false, "method": "random", "bits": 16, "mib": 4}
{"condition": 3, "conditions": 33, "task": "31000-15", "correct": false, "method": "random", "bits": 16, "mib": 4}
{"condition": 3, "conditions": 33, "task": "31000-16", "correct": false, "method": "random", "bits": 16, "mib": 4}
{"condition": 3, "conditions": 33, "task": "31000-17", "correct": false, "method": "random", "bits": 16, "mib": 4}
{"condition": 3, "conditions": 33, "task": "31000-18", "correct": false, "method": "random", "bits": 16, "mib": 4}
{"condition": 3, "conditions": 33, "task": "31000-19", "correct": false, "method": "random", "bits": 16, "mib": 4}
{"condition": 3, "conditions": 33, "task": "31000-20", "correct": false, "method": "random", "bits": 16, "mib": 4}
{"condition": 3, "conditions": 33, "task": "31000-21", "correct": false, "method": "random", "bits": 16, "mib": 4}
{"condition": 3, "conditions": 33, "task": "31000-22", "correct": false, "method": "random", "bits": 16, "mib": 4}
{"condition": 3, "conditions": 33, "task": "31000-23", "correct": false, "method": "random", "bits": 16, "mib": 4}
{"condition": 4, "conditions": 33, "task": "31000-23", "correct": false, "method": "native", "bits": 16, "mib": 4}
{"condition": 4, "conditions": 33, "task": "31000-22", "correct": false, "method": "native", "bits": 16, "mib": 4}
{"condition": 4, "conditions": 33, "task": "31000-21", "correct": false, "method": "native", "bits": 16, "mib": 4}
{"condition": 4, "conditions": 33, "task": "31000-20", "correct": false, "method": "native", "bits": 16, "mib": 4}
{"condition": 4, "conditions": 33, "task": "31000-19", "correct": false, "method": "native", "bits": 16, "mib": 4}
{"condition": 4, "conditions": 33, "task": "31000-18", "correct": false, "method": "native", "bits": 16, "mib": 4}
{"condition": 4, "conditions": 33, "task": "31000-17", "correct": false, "method": "native", "bits": 16, "mib": 4}
{"condition": 4, "conditions": 33, "task": "31000-16", "correct": false, "method": "native", "bits": 16, "mib": 4}
{"condition": 4, "conditions": 33, "task": "31000-15", "correct": false, "method": "native", "bits": 16, "mib": 4}
{"condition": 4, "conditions": 33, "task": "31000-14", "correct": false, "method": "native", "bits": 16, "mib": 4}
{"condition": 4, "conditions": 33, "task": "31000-13", "correct": false, "method": "native", "bits": 16, "mib": 4}
{"condition": 4, "conditions": 33, "task": "31000-12", "correct": false, "method": "native", "bits": 16, "mib": 4}
{"condition": 4, "conditions": 33, "task": "31000-11", "correct": false, "method": "native", "bits": 16, "mib": 4}
{"condition": 4, "conditions": 33, "task": "31000-10", "correct": false, "method": "native", "bits": 16, "mib": 4}
{"condition": 4, "conditions": 33, "task": "31000-9", "correct": false, "method": "native", "bits": 16, "mib": 4}
{"condition": 4, "conditions": 33, "task": "31000-8", "correct": false, "method": "native", "bits": 16, "mib": 4}
{"condition": 4, "conditions": 33, "task": "31000-7", "correct": false, "method": "native", "bits": 16, "mib": 4}
{"condition": 4, "conditions": 33, "task": "31000-6", "correct": false, "method": "native", "bits": 16, "mib": 4}
{"condition": 4, "conditions": 33, "task": "31000-5", "correct": false, "method": "native", "bits": 16, "mib": 4}
{"condition": 4, "conditions": 33, "task": "31000-4", "correct": false, "method": "native", "bits": 16, "mib": 4}
{"condition": 4, "conditions": 33, "task": "31000-3", "correct": false, "method": "native", "bits": 16, "mib": 4}
{"condition": 4, "conditions": 33, "task": "31000-2", "correct": false, "method": "native", "bits": 16, "mib": 4}
{"condition": 4, "conditions": 33, "task": "31000-1", "correct": false, "method": "native", "bits": 16, "mib": 4}
{"condition": 4, "conditions": 33, "task": "31000-0", "correct": false, "method": "native", "bits": 16, "mib": 4}
{"condition": 5, "conditions": 33, "task": "31000-0", "correct": false, "method": "exposed", "bits": 16, "mib": 4}
{"condition": 5, "conditions": 33, "task": "31000-1", "correct": false, "method": "exposed", "bits": 16, "mib": 4}
{"condition": 5, "conditions": 33, "task": "31000-2", "correct": false, "method": "exposed", "bits": 16, "mib": 4}
{"condition": 5, "conditions": 33, "task": "31000-3", "correct": false, "method": "exposed", "bits": 16, "mib": 4}
{"condition": 5, "conditions": 33, "task": "31000-4", "correct": false, "method": "exposed", "bits": 16, "mib": 4}
{"condition": 5, "conditions": 33, "task": "31000-5", "correct": false, "method": "exposed", "bits": 16, "mib": 4}
{"condition": 5, "conditions": 33, "task": "31000-6", "correct": false, "method": "exposed", "bits": 16, "mib": 4}
{"condition": 5, "conditions": 33, "task": "31000-7", "correct": false, "method": "exposed", "bits": 16, "mib": 4}
{"condition": 5, "conditions": 33, "task": "31000-8", "correct": false, "method": "exposed", "bits": 16, "mib": 4}
{"condition": 5, "conditions": 33, "task": "31000-9", "correct": false, "method": "exposed", "bits": 16, "mib": 4}
{"condition": 5, "conditions": 33, "task": "31000-10", "correct": false, "method": "exposed", "bits": 16, "mib": 4}
{"condition": 5, "conditions": 33, "task": "31000-11", "correct": false, "method": "exposed", "bits": 16, "mib": 4}
{"condition": 5, "conditions": 33, "task": "31000-12", "correct": false, "method": "exposed", "bits": 16, "mib": 4}
{"condition": 5, "conditions": 33, "task": "31000-13", "correct": false, "method": "exposed", "bits": 16, "mib": 4}
{"condition": 5, "conditions": 33, "task": "31000-14", "correct": false, "method": "exposed", "bits": 16, "mib": 4}
{"condition": 5, "conditions": 33, "task": "31000-15", "correct": false, "method": "exposed", "bits": 16, "mib": 4}
{"condition": 5, "conditions": 33, "task": "31000-16", "correct": false, "method": "exposed", "bits": 16, "mib": 4}
{"condition": 5, "conditions": 33, "task": "31000-17", "correct": false, "method": "exposed", "bits": 16, "mib": 4}
{"condition": 5, "conditions": 33, "task": "31000-18", "correct": false, "method": "exposed", "bits": 16, "mib": 4}
{"condition": 5, "conditions": 33, "task": "31000-19", "correct": false, "method": "exposed", "bits": 16, "mib": 4}
{"condition": 5, "conditions": 33, "task": "31000-20", "correct": false, "method": "exposed", "bits": 16, "mib": 4}
{"condition": 5, "conditions": 33, "task": "31000-21", "correct": false, "method": "exposed", "bits": 16, "mib": 4}
{"condition": 5, "conditions": 33, "task": "31000-22", "correct": false, "method": "exposed", "bits": 16, "mib": 4}
{"condition": 5, "conditions": 33, "task": "31000-23", "correct": false, "method": "exposed", "bits": 16, "mib": 4}
{"condition": 6, "conditions": 33, "task": "31000-23", "correct": false, "method": "native", "bits": 16, "mib": 4}
{"condition": 6, "conditions": 33, "task": "31000-22", "correct": false, "method": "native", "bits": 16, "mib": 4}
{"condition": 6, "conditions": 33, "task": "31000-21", "correct": false, "method": "native", "bits": 16, "mib": 4}
{"condition": 6, "conditions": 33, "task": "31000-20", "correct": false, "method": "native", "bits": 16, "mib": 4}
{"condition": 6, "conditions": 33, "task": "31000-19", "correct": false, "method": "native", "bits": 16, "mib": 4}
{"condition": 6, "conditions": 33, "task": "31000-18", "correct": false, "method": "native", "bits": 16, "mib": 4}
{"condition": 6, "conditions": 33, "task": "31000-17", "correct": false, "method": "native", "bits": 16, "mib": 4}
{"condition": 6, "conditions": 33, "task": "31000-16", "correct": false, "method": "native", "bits": 16, "mib": 4}
{"condition": 6, "conditions": 33, "task": "31000-15", "correct": false, "method": "native", "bits": 16, "mib": 4}
{"condition": 6, "conditions": 33, "task": "31000-14", "correct": false, "method": "native", "bits": 16, "mib": 4}
{"condition": 6, "conditions": 33, "task": "31000-13", "correct": false, "method": "native", "bits": 16, "mib": 4}
{"condition": 6, "conditions": 33, "task": "31000-12", "correct": false, "method": "native", "bits": 16, "mib": 4}
{"condition": 6, "conditions": 33, "task": "31000-11", "correct": false, "method": "native", "bits": 16, "mib": 4}
{"condition": 6, "conditions": 33, "task": "31000-10", "correct": false, "method": "native", "bits": 16, "mib": 4}
{"condition": 6, "conditions": 33, "task": "31000-9", "correct": false, "method": "native", "bits": 16, "mib": 4}
{"condition": 6, "conditions": 33, "task": "31000-8", "correct": false, "method": "native", "bits": 16, "mib": 4}
{"condition": 6, "conditions": 33, "task": "31000-7", "correct": false, "method": "native", "bits": 16, "mib": 4}
{"condition": 6, "conditions": 33, "task": "31000-6", "correct": true, "method": "native", "bits": 16, "mib": 4}
{"condition": 6, "conditions": 33, "task": "31000-5", "correct": true, "method": "native", "bits": 16, "mib": 4}
{"condition": 6, "conditions": 33, "task": "31000-4", "correct": false, "method": "native", "bits": 16, "mib": 4}
{"condition": 6, "conditions": 33, "task": "31000-3", "correct": false, "method": "native", "bits": 16, "mib": 4}
{"condition": 6, "conditions": 33, "task": "31000-2", "correct": false, "method": "native", "bits": 16, "mib": 4}
{"condition": 6, "conditions": 33, "task": "31000-1", "correct": false, "method": "native", "bits": 16, "mib": 4}
{"condition": 6, "conditions": 33, "task": "31000-0", "correct": true, "method": "native", "bits": 16, "mib": 4}
{"condition": 7, "conditions": 33, "task": "31000-0", "correct": true, "method": "exposed", "bits": 16, "mib": 4}
{"condition": 7, "conditions": 33, "task": "31000-1", "correct": false, "method": "exposed", "bits": 16, "mib": 4}
{"condition": 7, "conditions": 33, "task": "31000-2", "correct": false, "method": "exposed", "bits": 16, "mib": 4}
{"condition": 7, "conditions": 33, "task": "31000-3", "correct": false, "method": "exposed", "bits": 16, "mib": 4}
{"condition": 7, "conditions": 33, "task": "31000-4", "correct": false, "method": "exposed", "bits": 16, "mib": 4}
{"condition": 7, "conditions": 33, "task": "31000-5", "correct": false, "method": "exposed", "bits": 16, "mib": 4}
{"condition": 7, "conditions": 33, "task": "31000-6", "correct": false, "method": "exposed", "bits": 16, "mib": 4}
{"condition": 7, "conditions": 33, "task": "31000-7", "correct": false, "method": "exposed", "bits": 16, "mib": 4}
{"condition": 7, "conditions": 33, "task": "31000-8", "correct": false, "method": "exposed", "bits": 16, "mib": 4}
{"condition": 7, "conditions": 33, "task": "31000-9", "correct": false, "method": "exposed", "bits": 16, "mib": 4}
{"condition": 7, "conditions": 33, "task": "31000-10", "correct": false, "method": "exposed", "bits": 16, "mib": 4}
{"condition": 7, "conditions": 33, "task": "31000-11", "correct": false, "method": "exposed", "bits": 16, "mib": 4}
{"condition": 7, "conditions": 33, "task": "31000-12", "correct": false, "method": "exposed", "bits": 16, "mib": 4}
{"condition": 7, "conditions": 33, "task": "31000-13", "correct": false, "method": "exposed", "bits": 16, "mib": 4}
{"condition": 7, "conditions": 33, "task": "31000-14", "correct": false, "method": "exposed", "bits": 16, "mib": 4}
{"condition": 7, "conditions": 33, "task": "31000-15", "correct": false, "method": "exposed", "bits": 16, "mib": 4}
{"condition": 7, "conditions": 33, "task": "31000-16", "correct": false, "method": "exposed", "bits": 16, "mib": 4}
{"condition": 7, "conditions": 33, "task": "31000-17", "correct": false, "method": "exposed", "bits": 16, "mib": 4}
{"condition": 7, "conditions": 33, "task": "31000-18", "correct": false, "method": "exposed", "bits": 16, "mib": 4}
{"condition": 7, "conditions": 33, "task": "31000-19", "correct": false, "method": "exposed", "bits": 16, "mib": 4}
{"condition": 7, "conditions": 33, "task": "31000-20", "correct": false, "method": "exposed", "bits": 16, "mib": 4}
{"condition": 7, "conditions": 33, "task": "31000-21", "correct": false, "method": "exposed", "bits": 16, "mib": 4}
{"condition": 7, "conditions": 33, "task": "31000-22", "correct": false, "method": "exposed", "bits": 16, "mib": 4}
{"condition": 7, "conditions": 33, "task": "31000-23", "correct": false, "method": "exposed", "bits": 16, "mib": 4}
{"condition": 8, "conditions": 33, "task": "31000-23", "correct": false, "method": "native", "bits": 16, "mib": 4}
{"condition": 8, "conditions": 33, "task": "31000-22", "correct": false, "method": "native", "bits": 16, "mib": 4}
{"condition": 8, "conditions": 33, "task": "31000-21", "correct": false, "method": "native", "bits": 16, "mib": 4}
{"condition": 8, "conditions": 33, "task": "31000-20", "correct": false, "method": "native", "bits": 16, "mib": 4}
{"condition": 8, "conditions": 33, "task": "31000-19", "correct": false, "method": "native", "bits": 16, "mib": 4}
{"condition": 8, "conditions": 33, "task": "31000-18", "correct": true, "method": "native", "bits": 16, "mib": 4}
{"condition": 8, "conditions": 33, "task": "31000-17", "correct": false, "method": "native", "bits": 16, "mib": 4}
{"condition": 8, "conditions": 33, "task": "31000-16", "correct": false, "method": "native", "bits": 16, "mib": 4}
{"condition": 8, "conditions": 33, "task": "31000-15", "correct": false, "method": "native", "bits": 16, "mib": 4}
{"condition": 8, "conditions": 33, "task": "31000-14", "correct": true, "method": "native", "bits": 16, "mib": 4}
{"condition": 8, "conditions": 33, "task": "31000-13", "correct": false, "method": "native", "bits": 16, "mib": 4}
{"condition": 8, "conditions": 33, "task": "31000-12", "correct": false, "method": "native", "bits": 16, "mib": 4}
{"condition": 8, "conditions": 33, "task": "31000-11", "correct": false, "method": "native", "bits": 16, "mib": 4}
{"condition": 8, "conditions": 33, "task": "31000-10", "correct": true, "method": "native", "bits": 16, "mib": 4}
{"condition": 8, "conditions": 33, "task": "31000-9", "correct": false, "method": "native", "bits": 16, "mib": 4}
{"condition": 8, "conditions": 33, "task": "31000-8", "correct": false, "method": "native", "bits": 16, "mib": 4}
{"condition": 8, "conditions": 33, "task": "31000-7", "correct": false, "method": "native", "bits": 16, "mib": 4}
{"condition": 8, "conditions": 33, "task": "31000-6", "correct": false, "method": "native", "bits": 16, "mib": 4}
{"condition": 8, "conditions": 33, "task": "31000-5", "correct": false, "method": "native", "bits": 16, "mib": 4}
{"condition": 8, "conditions": 33, "task": "31000-4", "correct": false, "method": "native", "bits": 16, "mib": 4}
{"condition": 8, "conditions": 33, "task": "31000-3", "correct": false, "method": "native", "bits": 16, "mib": 4}
{"condition": 8, "conditions": 33, "task": "31000-2", "correct": true, "method": "native", "bits": 16, "mib": 4}
{"condition": 8, "conditions": 33, "task": "31000-1", "correct": false, "method": "native", "bits": 16, "mib": 4}
{"condition": 8, "conditions": 33, "task": "31000-0", "correct": true, "method": "native", "bits": 16, "mib": 4}
{"condition": 9, "conditions": 33, "task": "31000-0", "correct": true, "method": "exposed", "bits": 16, "mib": 4}
{"condition": 9, "conditions": 33, "task": "31000-1", "correct": false, "method": "exposed", "bits": 16, "mib": 4}
{"condition": 9, "conditions": 33, "task": "31000-2", "correct": false, "method": "exposed", "bits": 16, "mib": 4}
{"condition": 9, "conditions": 33, "task": "31000-3", "correct": false, "method": "exposed", "bits": 16, "mib": 4}
{"condition": 9, "conditions": 33, "task": "31000-4", "correct": false, "method": "exposed", "bits": 16, "mib": 4}
{"condition": 9, "conditions": 33, "task": "31000-5", "correct": false, "method": "exposed", "bits": 16, "mib": 4}
{"condition": 9, "conditions": 33, "task": "31000-6", "correct": false, "method": "exposed", "bits": 16, "mib": 4}
{"condition": 9, "conditions": 33, "task": "31000-7", "correct": false, "method": "exposed", "bits": 16, "mib": 4}
{"condition": 9, "conditions": 33, "task": "31000-8", "correct": false, "method": "exposed", "bits": 16, "mib": 4}
{"condition": 9, "conditions": 33, "task": "31000-9", "correct": true, "method": "exposed", "bits": 16, "mib": 4}
{"condition": 9, "conditions": 33, "task": "31000-10", "correct": false, "method": "exposed", "bits": 16, "mib": 4}
{"condition": 9, "conditions": 33, "task": "31000-11", "correct": false, "method": "exposed", "bits": 16, "mib": 4}
{"condition": 9, "conditions": 33, "task": "31000-12", "correct": false, "method": "exposed", "bits": 16, "mib": 4}
{"condition": 9, "conditions": 33, "task": "31000-13", "correct": false, "method": "exposed", "bits": 16, "mib": 4}
{"condition": 9, "conditions": 33, "task": "31000-14", "correct": true, "method": "exposed", "bits": 16, "mib": 4}
{"condition": 9, "conditions": 33, "task": "31000-15", "correct": false, "method": "exposed", "bits": 16, "mib": 4}
{"condition": 9, "conditions": 33, "task": "31000-16", "correct": false, "method": "exposed", "bits": 16, "mib": 4}
{"condition": 9, "conditions": 33, "task": "31000-17", "correct": false, "method": "exposed", "bits": 16, "mib": 4}
{"condition": 9, "conditions": 33, "task": "31000-18", "correct": false, "method": "exposed", "bits": 16, "mib": 4}
{"condition": 9, "conditions": 33, "task": "31000-19", "correct": false, "method": "exposed", "bits": 16, "mib": 4}
{"condition": 9, "conditions": 33, "task": "31000-20", "correct": false, "method": "exposed", "bits": 16, "mib": 4}
{"condition": 9, "conditions": 33, "task": "31000-21", "correct": false, "method": "exposed", "bits": 16, "mib": 4}
{"condition": 9, "conditions": 33, "task": "31000-22", "correct": false, "method": "exposed", "bits": 16, "mib": 4}
{"condition": 9, "conditions": 33, "task": "31000-23", "correct": false, "method": "exposed", "bits": 16, "mib": 4}
{"condition": 10, "conditions": 33, "task": "31000-23", "correct": false, "method": "recency", "bits": 8, "mib": 4}
{"condition": 10, "conditions": 33, "task": "31000-22", "correct": false, "method": "recency", "bits": 8, "mib": 4}
{"condition": 10, "conditions": 33, "task": "31000-21", "correct": false, "method": "recency", "bits": 8, "mib": 4}
{"condition": 10, "conditions": 33, "task": "31000-20", "correct": false, "method": "recency", "bits": 8, "mib": 4}
{"condition": 10, "conditions": 33, "task": "31000-19", "correct": false, "method": "recency", "bits": 8, "mib": 4}
{"condition": 10, "conditions": 33, "task": "31000-18", "correct": false, "method": "recency", "bits": 8, "mib": 4}
{"condition": 10, "conditions": 33, "task": "31000-17", "correct": false, "method": "recency", "bits": 8, "mib": 4}
{"condition": 10, "conditions": 33, "task": "31000-16", "correct": false, "method": "recency", "bits": 8, "mib": 4}
{"condition": 10, "conditions": 33, "task": "31000-15", "correct": false, "method": "recency", "bits": 8, "mib": 4}
{"condition": 10, "conditions": 33, "task": "31000-14", "correct": false, "method": "recency", "bits": 8, "mib": 4}
{"condition": 10, "conditions": 33, "task": "31000-13", "correct": false, "method": "recency", "bits": 8, "mib": 4}
{"condition": 10, "conditions": 33, "task": "31000-12", "correct": false, "method": "recency", "bits": 8, "mib": 4}
{"condition": 10, "conditions": 33, "task": "31000-11", "correct": false, "method": "recency", "bits": 8, "mib": 4}
{"condition": 10, "conditions": 33, "task": "31000-10", "correct": false, "method": "recency", "bits": 8, "mib": 4}
{"condition": 10, "conditions": 33, "task": "31000-9", "correct": false, "method": "recency", "bits": 8, "mib": 4}
{"condition": 10, "conditions": 33, "task": "31000-8", "correct": false, "method": "recency", "bits": 8, "mib": 4}
{"condition": 10, "conditions": 33, "task": "31000-7", "correct": false, "method": "recency", "bits": 8, "mib": 4}
{"condition": 10, "conditions": 33, "task": "31000-6", "correct": false, "method": "recency", "bits": 8, "mib": 4}
{"condition": 10, "conditions": 33, "task": "31000-5", "correct": false, "method": "recency", "bits": 8, "mib": 4}
{"condition": 10, "conditions": 33, "task": "31000-4", "correct": false, "method": "recency", "bits": 8, "mib": 4}
{"condition": 10, "conditions": 33, "task": "31000-3", "correct": false, "method": "recency", "bits": 8, "mib": 4}
{"condition": 10, "conditions": 33, "task": "31000-2", "correct": false, "method": "recency", "bits": 8, "mib": 4}
{"condition": 10, "conditions": 33, "task": "31000-1", "correct": false, "method": "recency", "bits": 8, "mib": 4}
{"condition": 10, "conditions": 33, "task": "31000-0", "correct": false, "method": "recency", "bits": 8, "mib": 4}
{"condition": 11, "conditions": 33, "task": "31000-0", "correct": false, "method": "random", "bits": 8, "mib": 4}
{"condition": 11, "conditions": 33, "task": "31000-1", "correct": false, "method": "random", "bits": 8, "mib": 4}
{"condition": 11, "conditions": 33, "task": "31000-2", "correct": false, "method": "random", "bits": 8, "mib": 4}
{"condition": 11, "conditions": 33, "task": "31000-3", "correct": false, "method": "random", "bits": 8, "mib": 4}
{"condition": 11, "conditions": 33, "task": "31000-4", "correct": false, "method": "random", "bits": 8, "mib": 4}
{"condition": 11, "conditions": 33, "task": "31000-5", "correct": false, "method": "random", "bits": 8, "mib": 4}
{"condition": 11, "conditions": 33, "task": "31000-6", "correct": false, "method": "random", "bits": 8, "mib": 4}
{"condition": 11, "conditions": 33, "task": "31000-7", "correct": false, "method": "random", "bits": 8, "mib": 4}
{"condition": 11, "conditions": 33, "task": "31000-8", "correct": false, "method": "random", "bits": 8, "mib": 4}
{"condition": 11, "conditions": 33, "task": "31000-9", "correct": false, "method": "random", "bits": 8, "mib": 4}
{"condition": 11, "conditions": 33, "task": "31000-10", "correct": false, "method": "random", "bits": 8, "mib": 4}
{"condition": 11, "conditions": 33, "task": "31000-11", "correct": false, "method": "random", "bits": 8, "mib": 4}
{"condition": 11, "conditions": 33, "task": "31000-12", "correct": false, "method": "random", "bits": 8, "mib": 4}
{"condition": 11, "conditions": 33, "task": "31000-13", "correct": false, "method": "random", "bits": 8, "mib": 4}
{"condition": 11, "conditions": 33, "task": "31000-14", "correct": false, "method": "random", "bits": 8, "mib": 4}
{"condition": 11, "conditions": 33, "task": "31000-15", "correct": false, "method": "random", "bits": 8, "mib": 4}
{"condition": 11, "conditions": 33, "task": "31000-16", "correct": false, "method": "random", "bits": 8, "mib": 4}
{"condition": 11, "conditions": 33, "task": "31000-17", "correct": false, "method": "random", "bits": 8, "mib": 4}
{"condition": 11, "conditions": 33, "task": "31000-18", "correct": false, "method": "random", "bits": 8, "mib": 4}
{"condition": 11, "conditions": 33, "task": "31000-19", "correct": false, "method": "random", "bits": 8, "mib": 4}
{"condition": 11, "conditions": 33, "task": "31000-20", "correct": false, "method": "random", "bits": 8, "mib": 4}
{"condition": 11, "conditions": 33, "task": "31000-21", "correct": false, "method": "random", "bits": 8, "mib": 4}
{"condition": 11, "conditions": 33, "task": "31000-22", "correct": false, "method": "random", "bits": 8, "mib": 4}
{"condition": 11, "conditions": 33, "task": "31000-23", "correct": false, "method": "random", "bits": 8, "mib": 4}
{"condition": 12, "conditions": 33, "task": "31000-23", "correct": false, "method": "native", "bits": 8, "mib": 4}
{"condition": 12, "conditions": 33, "task": "31000-22", "correct": true, "method": "native", "bits": 8, "mib": 4}
{"condition": 12, "conditions": 33, "task": "31000-21", "correct": false, "method": "native", "bits": 8, "mib": 4}
{"condition": 12, "conditions": 33, "task": "31000-20", "correct": false, "method": "native", "bits": 8, "mib": 4}
{"condition": 12, "conditions": 33, "task": "31000-19", "correct": false, "method": "native", "bits": 8, "mib": 4}
{"condition": 12, "conditions": 33, "task": "31000-18", "correct": true, "method": "native", "bits": 8, "mib": 4}
{"condition": 12, "conditions": 33, "task": "31000-17", "correct": false, "method": "native", "bits": 8, "mib": 4}
{"condition": 12, "conditions": 33, "task": "31000-16", "correct": false, "method": "native", "bits": 8, "mib": 4}
{"condition": 12, "conditions": 33, "task": "31000-15", "correct": false, "method": "native", "bits": 8, "mib": 4}
{"condition": 12, "conditions": 33, "task": "31000-14", "correct": false, "method": "native", "bits": 8, "mib": 4}
{"condition": 12, "conditions": 33, "task": "31000-13", "correct": false, "method": "native", "bits": 8, "mib": 4}
{"condition": 12, "conditions": 33, "task": "31000-12", "correct": false, "method": "native", "bits": 8, "mib": 4}
{"condition": 12, "conditions": 33, "task": "31000-11", "correct": false, "method": "native", "bits": 8, "mib": 4}
{"condition": 12, "conditions": 33, "task": "31000-10", "correct": false, "method": "native", "bits": 8, "mib": 4}
{"condition": 12, "conditions": 33, "task": "31000-9", "correct": true, "method": "native", "bits": 8, "mib": 4}
{"condition": 12, "conditions": 33, "task": "31000-8", "correct": false, "method": "native", "bits": 8, "mib": 4}
{"condition": 12, "conditions": 33, "task": "31000-7", "correct": false, "method": "native", "bits": 8, "mib": 4}
{"condition": 12, "conditions": 33, "task": "31000-6", "correct": true, "method": "native", "bits": 8, "mib": 4}
{"condition": 12, "conditions": 33, "task": "31000-5", "correct": false, "method": "native", "bits": 8, "mib": 4}
{"condition": 12, "conditions": 33, "task": "31000-4", "correct": true, "method": "native", "bits": 8, "mib": 4}
{"condition": 12, "conditions": 33, "task": "31000-3", "correct": true, "method": "native", "bits": 8, "mib": 4}
{"condition": 12, "conditions": 33, "task": "31000-2", "correct": false, "method": "native", "bits": 8, "mib": 4}
{"condition": 12, "conditions": 33, "task": "31000-1", "correct": false, "method": "native", "bits": 8, "mib": 4}
{"condition": 12, "conditions": 33, "task": "31000-0", "correct": true, "method": "native", "bits": 8, "mib": 4}
{"condition": 13, "conditions": 33, "task": "31000-0", "correct": true, "method": "exposed", "bits": 8, "mib": 4}
{"condition": 13, "conditions": 33, "task": "31000-1", "correct": false, "method": "exposed", "bits": 8, "mib": 4}
{"condition": 13, "conditions": 33, "task": "31000-2", "correct": false, "method": "exposed", "bits": 8, "mib": 4}
{"condition": 13, "conditions": 33, "task": "31000-3", "correct": true, "method": "exposed", "bits": 8, "mib": 4}
{"condition": 13, "conditions": 33, "task": "31000-4", "correct": true, "method": "exposed", "bits": 8, "mib": 4}
{"condition": 13, "conditions": 33, "task": "31000-5", "correct": false, "method": "exposed", "bits": 8, "mib": 4}
{"condition": 13, "conditions": 33, "task": "31000-6", "correct": true, "method": "exposed", "bits": 8, "mib": 4}
{"condition": 13, "conditions": 33, "task": "31000-7", "correct": false, "method": "exposed", "bits": 8, "mib": 4}
{"condition": 13, "conditions": 33, "task": "31000-8", "correct": true, "method": "exposed", "bits": 8, "mib": 4}
{"condition": 13, "conditions": 33, "task": "31000-9", "correct": true, "method": "exposed", "bits": 8, "mib": 4}
{"condition": 13, "conditions": 33, "task": "31000-10", "correct": true, "method": "exposed", "bits": 8, "mib": 4}
{"condition": 13, "conditions": 33, "task": "31000-11", "correct": false, "method": "exposed", "bits": 8, "mib": 4}
{"condition": 13, "conditions": 33, "task": "31000-12", "correct": false, "method": "exposed", "bits": 8, "mib": 4}
{"condition": 13, "conditions": 33, "task": "31000-13", "correct": true, "method": "exposed", "bits": 8, "mib": 4}
{"condition": 13, "conditions": 33, "task": "31000-14", "correct": false, "method": "exposed", "bits": 8, "mib": 4}
{"condition": 13, "conditions": 33, "task": "31000-15", "correct": false, "method": "exposed", "bits": 8, "mib": 4}
{"condition": 13, "conditions": 33, "task": "31000-16", "correct": false, "method": "exposed", "bits": 8, "mib": 4}
{"condition": 13, "conditions": 33, "task": "31000-17", "correct": false, "method": "exposed", "bits": 8, "mib": 4}
{"condition": 13, "conditions": 33, "task": "31000-18", "correct": true, "method": "exposed", "bits": 8, "mib": 4}
{"condition": 13, "conditions": 33, "task": "31000-19", "correct": false, "method": "exposed", "bits": 8, "mib": 4}
{"condition": 13, "conditions": 33, "task": "31000-20", "correct": true, "method": "exposed", "bits": 8, "mib": 4}
{"condition": 13, "conditions": 33, "task": "31000-21", "correct": false, "method": "exposed", "bits": 8, "mib": 4}
{"condition": 13, "conditions": 33, "task": "31000-22", "correct": true, "method": "exposed", "bits": 8, "mib": 4}
{"condition": 13, "conditions": 33, "task": "31000-23", "correct": false, "method": "exposed", "bits": 8, "mib": 4}
{"condition": 14, "conditions": 33, "task": "31000-23", "correct": true, "method": "native", "bits": 8, "mib": 4}
{"condition": 14, "conditions": 33, "task": "31000-22", "correct": false, "method": "native", "bits": 8, "mib": 4}
{"condition": 14, "conditions": 33, "task": "31000-21", "correct": true, "method": "native", "bits": 8, "mib": 4}
{"condition": 14, "conditions": 33, "task": "31000-20", "correct": true, "method": "native", "bits": 8, "mib": 4}
{"condition": 14, "conditions": 33, "task": "31000-19", "correct": true, "method": "native", "bits": 8, "mib": 4}
{"condition": 14, "conditions": 33, "task": "31000-18", "correct": true, "method": "native", "bits": 8, "mib": 4}
{"condition": 14, "conditions": 33, "task": "31000-17", "correct": false, "method": "native", "bits": 8, "mib": 4}
{"condition": 14, "conditions": 33, "task": "31000-16", "correct": true, "method": "native", "bits": 8, "mib": 4}
{"condition": 14, "conditions": 33, "task": "31000-15", "correct": true, "method": "native", "bits": 8, "mib": 4}
{"condition": 14, "conditions": 33, "task": "31000-14", "correct": false, "method": "native", "bits": 8, "mib": 4}
{"condition": 14, "conditions": 33, "task": "31000-13", "correct": true, "method": "native", "bits": 8, "mib": 4}
{"condition": 14, "conditions": 33, "task": "31000-12", "correct": true, "method": "native", "bits": 8, "mib": 4}
{"condition": 14, "conditions": 33, "task": "31000-11", "correct": false, "method": "native", "bits": 8, "mib": 4}
{"condition": 14, "conditions": 33, "task": "31000-10", "correct": true, "method": "native", "bits": 8, "mib": 4}
{"condition": 14, "conditions": 33, "task": "31000-9", "correct": true, "method": "native", "bits": 8, "mib": 4}
{"condition": 14, "conditions": 33, "task": "31000-8", "correct": true, "method": "native", "bits": 8, "mib": 4}
{"condition": 14, "conditions": 33, "task": "31000-7", "correct": true, "method": "native", "bits": 8, "mib": 4}
{"condition": 14, "conditions": 33, "task": "31000-6", "correct": true, "method": "native", "bits": 8, "mib": 4}
{"condition": 14, "conditions": 33, "task": "31000-5", "correct": true, "method": "native", "bits": 8, "mib": 4}
{"condition": 14, "conditions": 33, "task": "31000-4", "correct": false, "method": "native", "bits": 8, "mib": 4}
{"condition": 14, "conditions": 33, "task": "31000-3", "correct": true, "method": "native", "bits": 8, "mib": 4}
{"condition": 14, "conditions": 33, "task": "31000-2", "correct": true, "method": "native", "bits": 8, "mib": 4}
{"condition": 14, "conditions": 33, "task": "31000-1", "correct": true, "method": "native", "bits": 8, "mib": 4}
{"condition": 14, "conditions": 33, "task": "31000-0", "correct": true, "method": "native", "bits": 8, "mib": 4}
{"condition": 15, "conditions": 33, "task": "31000-0", "correct": true, "method": "exposed", "bits": 8, "mib": 4}
{"condition": 15, "conditions": 33, "task": "31000-1", "correct": true, "method": "exposed", "bits": 8, "mib": 4}
{"condition": 15, "conditions": 33, "task": "31000-2", "correct": true, "method": "exposed", "bits": 8, "mib": 4}
{"condition": 15, "conditions": 33, "task": "31000-3", "correct": true, "method": "exposed", "bits": 8, "mib": 4}
{"condition": 15, "conditions": 33, "task": "31000-4", "correct": true, "method": "exposed", "bits": 8, "mib": 4}
{"condition": 15, "conditions": 33, "task": "31000-5", "correct": true, "method": "exposed", "bits": 8, "mib": 4}
{"condition": 15, "conditions": 33, "task": "31000-6", "correct": true, "method": "exposed", "bits": 8, "mib": 4}
{"condition": 15, "conditions": 33, "task": "31000-7", "correct": false, "method": "exposed", "bits": 8, "mib": 4}
{"condition": 15, "conditions": 33, "task": "31000-8", "correct": true, "method": "exposed", "bits": 8, "mib": 4}
{"condition": 15, "conditions": 33, "task": "31000-9", "correct": true, "method": "exposed", "bits": 8, "mib": 4}
{"condition": 15, "conditions": 33, "task": "31000-10", "correct": true, "method": "exposed", "bits": 8, "mib": 4}
{"condition": 15, "conditions": 33, "task": "31000-11", "correct": false, "method": "exposed", "bits": 8, "mib": 4}
{"condition": 15, "conditions": 33, "task": "31000-12", "correct": true, "method": "exposed", "bits": 8, "mib": 4}
{"condition": 15, "conditions": 33, "task": "31000-13", "correct": true, "method": "exposed", "bits": 8, "mib": 4}
{"condition": 15, "conditions": 33, "task": "31000-14", "correct": true, "method": "exposed", "bits": 8, "mib": 4}
{"condition": 15, "conditions": 33, "task": "31000-15", "correct": true, "method": "exposed", "bits": 8, "mib": 4}
{"condition": 15, "conditions": 33, "task": "31000-16", "correct": true, "method": "exposed", "bits": 8, "mib": 4}
{"condition": 15, "conditions": 33, "task": "31000-17", "correct": false, "method": "exposed", "bits": 8, "mib": 4}
{"condition": 15, "conditions": 33, "task": "31000-18", "correct": true, "method": "exposed", "bits": 8, "mib": 4}
{"condition": 15, "conditions": 33, "task": "31000-19", "correct": true, "method": "exposed", "bits": 8, "mib": 4}
{"condition": 15, "conditions": 33, "task": "31000-20", "correct": true, "method": "exposed", "bits": 8, "mib": 4}
{"condition": 15, "conditions": 33, "task": "31000-21", "correct": true, "method": "exposed", "bits": 8, "mib": 4}
{"condition": 15, "conditions": 33, "task": "31000-22", "correct": true, "method": "exposed", "bits": 8, "mib": 4}
{"condition": 15, "conditions": 33, "task": "31000-23", "correct": true, "method": "exposed", "bits": 8, "mib": 4}
{"condition": 16, "conditions": 33, "task": "31000-23", "correct": false, "method": "native", "bits": 8, "mib": 4}
{"condition": 16, "conditions": 33, "task": "31000-22", "correct": false, "method": "native", "bits": 8, "mib": 4}
{"condition": 16, "conditions": 33, "task": "31000-21", "correct": false, "method": "native", "bits": 8, "mib": 4}
{"condition": 16, "conditions": 33, "task": "31000-20", "correct": true, "method": "native", "bits": 8, "mib": 4}
{"condition": 16, "conditions": 33, "task": "31000-19", "correct": false, "method": "native", "bits": 8, "mib": 4}
{"condition": 16, "conditions": 33, "task": "31000-18", "correct": true, "method": "native", "bits": 8, "mib": 4}
{"condition": 16, "conditions": 33, "task": "31000-17", "correct": false, "method": "native", "bits": 8, "mib": 4}
{"condition": 16, "conditions": 33, "task": "31000-16", "correct": false, "method": "native", "bits": 8, "mib": 4}
{"condition": 16, "conditions": 33, "task": "31000-15", "correct": false, "method": "native", "bits": 8, "mib": 4}
{"condition": 16, "conditions": 33, "task": "31000-14", "correct": false, "method": "native", "bits": 8, "mib": 4}
{"condition": 16, "conditions": 33, "task": "31000-13", "correct": false, "method": "native", "bits": 8, "mib": 4}
{"condition": 16, "conditions": 33, "task": "31000-12", "correct": false, "method": "native", "bits": 8, "mib": 4}
{"condition": 16, "conditions": 33, "task": "31000-11", "correct": false, "method": "native", "bits": 8, "mib": 4}
{"condition": 16, "conditions": 33, "task": "31000-10", "correct": false, "method": "native", "bits": 8, "mib": 4}
{"condition": 16, "conditions": 33, "task": "31000-9", "correct": false, "method": "native", "bits": 8, "mib": 4}
{"condition": 16, "conditions": 33, "task": "31000-8", "correct": true, "method": "native", "bits": 8, "mib": 4}
{"condition": 16, "conditions": 33, "task": "31000-7", "correct": false, "method": "native", "bits": 8, "mib": 4}
{"condition": 16, "conditions": 33, "task": "31000-6", "correct": true, "method": "native", "bits": 8, "mib": 4}
{"condition": 16, "conditions": 33, "task": "31000-5", "correct": false, "method": "native", "bits": 8, "mib": 4}
{"condition": 16, "conditions": 33, "task": "31000-4", "correct": false, "method": "native", "bits": 8, "mib": 4}
{"condition": 16, "conditions": 33, "task": "31000-3", "correct": false, "method": "native", "bits": 8, "mib": 4}
{"condition": 16, "conditions": 33, "task": "31000-2", "correct": false, "method": "native", "bits": 8, "mib": 4}
{"condition": 16, "conditions": 33, "task": "31000-1", "correct": false, "method": "native", "bits": 8, "mib": 4}
{"condition": 16, "conditions": 33, "task": "31000-0", "correct": false, "method": "native", "bits": 8, "mib": 4}
{"condition": 17, "conditions": 33, "task": "31000-0", "correct": false, "method": "exposed", "bits": 8, "mib": 4}
{"condition": 17, "conditions": 33, "task": "31000-1", "correct": false, "method": "exposed", "bits": 8, "mib": 4}
{"condition": 17, "conditions": 33, "task": "31000-2", "correct": false, "method": "exposed", "bits": 8, "mib": 4}
{"condition": 17, "conditions": 33, "task": "31000-3", "correct": false, "method": "exposed", "bits": 8, "mib": 4}
{"condition": 17, "conditions": 33, "task": "31000-4", "correct": false, "method": "exposed", "bits": 8, "mib": 4}
{"condition": 17, "conditions": 33, "task": "31000-5", "correct": false, "method": "exposed", "bits": 8, "mib": 4}
{"condition": 17, "conditions": 33, "task": "31000-6", "correct": true, "method": "exposed", "bits": 8, "mib": 4}
{"condition": 17, "conditions": 33, "task": "31000-7", "correct": false, "method": "exposed", "bits": 8, "mib": 4}
{"condition": 17, "conditions": 33, "task": "31000-8", "correct": false, "method": "exposed", "bits": 8, "mib": 4}
{"condition": 17, "conditions": 33, "task": "31000-9", "correct": false, "method": "exposed", "bits": 8, "mib": 4}
{"condition": 17, "conditions": 33, "task": "31000-10", "correct": false, "method": "exposed", "bits": 8, "mib": 4}
{"condition": 17, "conditions": 33, "task": "31000-11", "correct": false, "method": "exposed", "bits": 8, "mib": 4}
{"condition": 17, "conditions": 33, "task": "31000-12", "correct": false, "method": "exposed", "bits": 8, "mib": 4}
{"condition": 17, "conditions": 33, "task": "31000-13", "correct": false, "method": "exposed", "bits": 8, "mib": 4}
{"condition": 17, "conditions": 33, "task": "31000-14", "correct": false, "method": "exposed", "bits": 8, "mib": 4}
{"condition": 17, "conditions": 33, "task": "31000-15", "correct": false, "method": "exposed", "bits": 8, "mib": 4}
{"condition": 17, "conditions": 33, "task": "31000-16", "correct": false, "method": "exposed", "bits": 8, "mib": 4}
{"condition": 17, "conditions": 33, "task": "31000-17", "correct": false, "method": "exposed", "bits": 8, "mib": 4}
{"condition": 17, "conditions": 33, "task": "31000-18", "correct": false, "method": "exposed", "bits": 8, "mib": 4}
{"condition": 17, "conditions": 33, "task": "31000-19", "correct": false, "method": "exposed", "bits": 8, "mib": 4}
{"condition": 17, "conditions": 33, "task": "31000-20", "correct": false, "method": "exposed", "bits": 8, "mib": 4}
{"condition": 17, "conditions": 33, "task": "31000-21", "correct": false, "method": "exposed", "bits": 8, "mib": 4}
{"condition": 17, "conditions": 33, "task": "31000-22", "correct": false, "method": "exposed", "bits": 8, "mib": 4}
{"condition": 17, "conditions": 33, "task": "31000-23", "correct": false, "method": "exposed", "bits": 8, "mib": 4}
{"condition": 18, "conditions": 33, "task": "31000-23", "correct": false, "method": "recency", "bits": 16, "mib": 8}
{"condition": 18, "conditions": 33, "task": "31000-22", "correct": false, "method": "recency", "bits": 16, "mib": 8}
{"condition": 18, "conditions": 33, "task": "31000-21", "correct": false, "method": "recency", "bits": 16, "mib": 8}
{"condition": 18, "conditions": 33, "task": "31000-20", "correct": false, "method": "recency", "bits": 16, "mib": 8}
{"condition": 18, "conditions": 33, "task": "31000-19", "correct": false, "method": "recency", "bits": 16, "mib": 8}
{"condition": 18, "conditions": 33, "task": "31000-18", "correct": false, "method": "recency", "bits": 16, "mib": 8}
{"condition": 18, "conditions": 33, "task": "31000-17", "correct": false, "method": "recency", "bits": 16, "mib": 8}
{"condition": 18, "conditions": 33, "task": "31000-16", "correct": false, "method": "recency", "bits": 16, "mib": 8}
{"condition": 18, "conditions": 33, "task": "31000-15", "correct": false, "method": "recency", "bits": 16, "mib": 8}
{"condition": 18, "conditions": 33, "task": "31000-14", "correct": false, "method": "recency", "bits": 16, "mib": 8}
{"condition": 18, "conditions": 33, "task": "31000-13", "correct": false, "method": "recency", "bits": 16, "mib": 8}
{"condition": 18, "conditions": 33, "task": "31000-12", "correct": false, "method": "recency", "bits": 16, "mib": 8}
{"condition": 18, "conditions": 33, "task": "31000-11", "correct": false, "method": "recency", "bits": 16, "mib": 8}
{"condition": 18, "conditions": 33, "task": "31000-10", "correct": false, "method": "recency", "bits": 16, "mib": 8}
{"condition": 18, "conditions": 33, "task": "31000-9", "correct": false, "method": "recency", "bits": 16, "mib": 8}
{"condition": 18, "conditions": 33, "task": "31000-8", "correct": false, "method": "recency", "bits": 16, "mib": 8}
{"condition": 18, "conditions": 33, "task": "31000-7", "correct": false, "method": "recency", "bits": 16, "mib": 8}
{"condition": 18, "conditions": 33, "task": "31000-6", "correct": false, "method": "recency", "bits": 16, "mib": 8}
{"condition": 18, "conditions": 33, "task": "31000-5", "correct": false, "method": "recency", "bits": 16, "mib": 8}
{"condition": 18, "conditions": 33, "task": "31000-4", "correct": false, "method": "recency", "bits": 16, "mib": 8}
{"condition": 18, "conditions": 33, "task": "31000-3", "correct": false, "method": "recency", "bits": 16, "mib": 8}
{"condition": 18, "conditions": 33, "task": "31000-2", "correct": false, "method": "recency", "bits": 16, "mib": 8}
{"condition": 18, "conditions": 33, "task": "31000-1", "correct": false, "method": "recency", "bits": 16, "mib": 8}
{"condition": 18, "conditions": 33, "task": "31000-0", "correct": false, "method": "recency", "bits": 16, "mib": 8}
{"condition": 19, "conditions": 33, "task": "31000-0", "correct": false, "method": "random", "bits": 16, "mib": 8}
{"condition": 19, "conditions": 33, "task": "31000-1", "correct": false, "method": "random", "bits": 16, "mib": 8}
{"condition": 19, "conditions": 33, "task": "31000-2", "correct": false, "method": "random", "bits": 16, "mib": 8}
{"condition": 19, "conditions": 33, "task": "31000-3", "correct": false, "method": "random", "bits": 16, "mib": 8}
{"condition": 19, "conditions": 33, "task": "31000-4", "correct": false, "method": "random", "bits": 16, "mib": 8}
{"condition": 19, "conditions": 33, "task": "31000-5", "correct": false, "method": "random", "bits": 16, "mib": 8}
{"condition": 19, "conditions": 33, "task": "31000-6", "correct": false, "method": "random", "bits": 16, "mib": 8}
{"condition": 19, "conditions": 33, "task": "31000-7", "correct": false, "method": "random", "bits": 16, "mib": 8}
{"condition": 19, "conditions": 33, "task": "31000-8", "correct": false, "method": "random", "bits": 16, "mib": 8}
{"condition": 19, "conditions": 33, "task": "31000-9", "correct": false, "method": "random", "bits": 16, "mib": 8}
{"condition": 19, "conditions": 33, "task": "31000-10", "correct": false, "method": "random", "bits": 16, "mib": 8}
{"condition": 19, "conditions": 33, "task": "31000-11", "correct": false, "method": "random", "bits": 16, "mib": 8}
{"condition": 19, "conditions": 33, "task": "31000-12", "correct": false, "method": "random", "bits": 16, "mib": 8}
{"condition": 19, "conditions": 33, "task": "31000-13", "correct": false, "method": "random", "bits": 16, "mib": 8}
{"condition": 19, "conditions": 33, "task": "31000-14", "correct": false, "method": "random", "bits": 16, "mib": 8}
{"condition": 19, "conditions": 33, "task": "31000-15", "correct": false, "method": "random", "bits": 16, "mib": 8}
{"condition": 19, "conditions": 33, "task": "31000-16", "correct": false, "method": "random", "bits": 16, "mib": 8}
{"condition": 19, "conditions": 33, "task": "31000-17", "correct": false, "method": "random", "bits": 16, "mib": 8}
{"condition": 19, "conditions": 33, "task": "31000-18", "correct": false, "method": "random", "bits": 16, "mib": 8}
{"condition": 19, "conditions": 33, "task": "31000-19", "correct": false, "method": "random", "bits": 16, "mib": 8}
{"condition": 19, "conditions": 33, "task": "31000-20", "correct": false, "method": "random", "bits": 16, "mib": 8}
{"condition": 19, "conditions": 33, "task": "31000-21", "correct": false, "method": "random", "bits": 16, "mib": 8}
{"condition": 19, "conditions": 33, "task": "31000-22", "correct": false, "method": "random", "bits": 16, "mib": 8}
{"condition": 19, "conditions": 33, "task": "31000-23", "correct": false, "method": "random", "bits": 16, "mib": 8}
{"condition": 20, "conditions": 33, "task": "31000-23", "correct": false, "method": "native", "bits": 16, "mib": 8}
{"condition": 20, "conditions": 33, "task": "31000-22", "correct": true, "method": "native", "bits": 16, "mib": 8}
{"condition": 20, "conditions": 33, "task": "31000-21", "correct": false, "method": "native", "bits": 16, "mib": 8}
{"condition": 20, "conditions": 33, "task": "31000-20", "correct": true, "method": "native", "bits": 16, "mib": 8}
{"condition": 20, "conditions": 33, "task": "31000-19", "correct": false, "method": "native", "bits": 16, "mib": 8}
{"condition": 20, "conditions": 33, "task": "31000-18", "correct": true, "method": "native", "bits": 16, "mib": 8}
{"condition": 20, "conditions": 33, "task": "31000-17", "correct": true, "method": "native", "bits": 16, "mib": 8}
{"condition": 20, "conditions": 33, "task": "31000-16", "correct": true, "method": "native", "bits": 16, "mib": 8}
{"condition": 20, "conditions": 33, "task": "31000-15", "correct": true, "method": "native", "bits": 16, "mib": 8}
{"condition": 20, "conditions": 33, "task": "31000-14", "correct": true, "method": "native", "bits": 16, "mib": 8}
{"condition": 20, "conditions": 33, "task": "31000-13", "correct": true, "method": "native", "bits": 16, "mib": 8}
{"condition": 20, "conditions": 33, "task": "31000-12", "correct": true, "method": "native", "bits": 16, "mib": 8}
{"condition": 20, "conditions": 33, "task": "31000-11", "correct": false, "method": "native", "bits": 16, "mib": 8}
{"condition": 20, "conditions": 33, "task": "31000-10", "correct": true, "method": "native", "bits": 16, "mib": 8}
{"condition": 20, "conditions": 33, "task": "31000-9", "correct": true, "method": "native", "bits": 16, "mib": 8}
{"condition": 20, "conditions": 33, "task": "31000-8", "correct": true, "method": "native", "bits": 16, "mib": 8}
{"condition": 20, "conditions": 33, "task": "31000-7", "correct": false, "method": "native", "bits": 16, "mib": 8}
{"condition": 20, "conditions": 33, "task": "31000-6", "correct": true, "method": "native", "bits": 16, "mib": 8}
{"condition": 20, "conditions": 33, "task": "31000-5", "correct": false, "method": "native", "bits": 16, "mib": 8}
{"condition": 20, "conditions": 33, "task": "31000-4", "correct": true, "method": "native", "bits": 16, "mib": 8}
{"condition": 20, "conditions": 33, "task": "31000-3", "correct": true, "method": "native", "bits": 16, "mib": 8}
{"condition": 20, "conditions": 33, "task": "31000-2", "correct": true, "method": "native", "bits": 16, "mib": 8}
{"condition": 20, "conditions": 33, "task": "31000-1", "correct": true, "method": "native", "bits": 16, "mib": 8}
{"condition": 20, "conditions": 33, "task": "31000-0", "correct": true, "method": "native", "bits": 16, "mib": 8}
{"condition": 21, "conditions": 33, "task": "31000-0", "correct": true, "method": "exposed", "bits": 16, "mib": 8}
{"condition": 21, "conditions": 33, "task": "31000-1", "correct": true, "method": "exposed", "bits": 16, "mib": 8}
{"condition": 21, "conditions": 33, "task": "31000-2", "correct": true, "method": "exposed", "bits": 16, "mib": 8}
{"condition": 21, "conditions": 33, "task": "31000-3", "correct": true, "method": "exposed", "bits": 16, "mib": 8}
{"condition": 21, "conditions": 33, "task": "31000-4", "correct": true, "method": "exposed", "bits": 16, "mib": 8}
{"condition": 21, "conditions": 33, "task": "31000-5", "correct": false, "method": "exposed", "bits": 16, "mib": 8}
{"condition": 21, "conditions": 33, "task": "31000-6", "correct": true, "method": "exposed", "bits": 16, "mib": 8}
{"condition": 21, "conditions": 33, "task": "31000-7", "correct": false, "method": "exposed", "bits": 16, "mib": 8}
{"condition": 21, "conditions": 33, "task": "31000-8", "correct": true, "method": "exposed", "bits": 16, "mib": 8}
{"condition": 21, "conditions": 33, "task": "31000-9", "correct": true, "method": "exposed", "bits": 16, "mib": 8}
{"condition": 21, "conditions": 33, "task": "31000-10", "correct": true, "method": "exposed", "bits": 16, "mib": 8}
{"condition": 21, "conditions": 33, "task": "31000-11", "correct": false, "method": "exposed", "bits": 16, "mib": 8}
{"condition": 21, "conditions": 33, "task": "31000-12", "correct": true, "method": "exposed", "bits": 16, "mib": 8}
{"condition": 21, "conditions": 33, "task": "31000-13", "correct": true, "method": "exposed", "bits": 16, "mib": 8}
{"condition": 21, "conditions": 33, "task": "31000-14", "correct": true, "method": "exposed", "bits": 16, "mib": 8}
{"condition": 21, "conditions": 33, "task": "31000-15", "correct": true, "method": "exposed", "bits": 16, "mib": 8}
{"condition": 21, "conditions": 33, "task": "31000-16", "correct": true, "method": "exposed", "bits": 16, "mib": 8}
{"condition": 21, "conditions": 33, "task": "31000-17", "correct": true, "method": "exposed", "bits": 16, "mib": 8}
{"condition": 21, "conditions": 33, "task": "31000-18", "correct": true, "method": "exposed", "bits": 16, "mib": 8}
{"condition": 21, "conditions": 33, "task": "31000-19", "correct": false, "method": "exposed", "bits": 16, "mib": 8}
{"condition": 21, "conditions": 33, "task": "31000-20", "correct": true, "method": "exposed", "bits": 16, "mib": 8}
{"condition": 21, "conditions": 33, "task": "31000-21", "correct": false, "method": "exposed", "bits": 16, "mib": 8}
{"condition": 21, "conditions": 33, "task": "31000-22", "correct": true, "method": "exposed", "bits": 16, "mib": 8}
{"condition": 21, "conditions": 33, "task": "31000-23", "correct": false, "method": "exposed", "bits": 16, "mib": 8}
{"condition": 22, "conditions": 33, "task": "31000-23", "correct": false, "method": "native", "bits": 16, "mib": 8}
{"condition": 22, "conditions": 33, "task": "31000-22", "correct": true, "method": "native", "bits": 16, "mib": 8}
{"condition": 22, "conditions": 33, "task": "31000-21", "correct": true, "method": "native", "bits": 16, "mib": 8}
{"condition": 22, "conditions": 33, "task": "31000-20", "correct": true, "method": "native", "bits": 16, "mib": 8}
{"condition": 22, "conditions": 33, "task": "31000-19", "correct": true, "method": "native", "bits": 16, "mib": 8}
{"condition": 22, "conditions": 33, "task": "31000-18", "correct": true, "method": "native", "bits": 16, "mib": 8}
{"condition": 22, "conditions": 33, "task": "31000-17", "correct": false, "method": "native", "bits": 16, "mib": 8}
{"condition": 22, "conditions": 33, "task": "31000-16", "correct": true, "method": "native", "bits": 16, "mib": 8}
{"condition": 22, "conditions": 33, "task": "31000-15", "correct": true, "method": "native", "bits": 16, "mib": 8}
{"condition": 22, "conditions": 33, "task": "31000-14", "correct": true, "method": "native", "bits": 16, "mib": 8}
{"condition": 22, "conditions": 33, "task": "31000-13", "correct": true, "method": "native", "bits": 16, "mib": 8}
{"condition": 22, "conditions": 33, "task": "31000-12", "correct": true, "method": "native", "bits": 16, "mib": 8}
{"condition": 22, "conditions": 33, "task": "31000-11", "correct": false, "method": "native", "bits": 16, "mib": 8}
{"condition": 22, "conditions": 33, "task": "31000-10", "correct": true, "method": "native", "bits": 16, "mib": 8}
{"condition": 22, "conditions": 33, "task": "31000-9", "correct": true, "method": "native", "bits": 16, "mib": 8}
{"condition": 22, "conditions": 33, "task": "31000-8", "correct": true, "method": "native", "bits": 16, "mib": 8}
{"condition": 22, "conditions": 33, "task": "31000-7", "correct": true, "method": "native", "bits": 16, "mib": 8}
{"condition": 22, "conditions": 33, "task": "31000-6", "correct": true, "method": "native", "bits": 16, "mib": 8}
{"condition": 22, "conditions": 33, "task": "31000-5", "correct": true, "method": "native", "bits": 16, "mib": 8}
{"condition": 22, "conditions": 33, "task": "31000-4", "correct": true, "method": "native", "bits": 16, "mib": 8}
{"condition": 22, "conditions": 33, "task": "31000-3", "correct": true, "method": "native", "bits": 16, "mib": 8}
{"condition": 22, "conditions": 33, "task": "31000-2", "correct": false, "method": "native", "bits": 16, "mib": 8}
{"condition": 22, "conditions": 33, "task": "31000-1", "correct": true, "method": "native", "bits": 16, "mib": 8}
{"condition": 22, "conditions": 33, "task": "31000-0", "correct": true, "method": "native", "bits": 16, "mib": 8}
{"condition": 23, "conditions": 33, "task": "31000-0", "correct": true, "method": "exposed", "bits": 16, "mib": 8}
{"condition": 23, "conditions": 33, "task": "31000-1", "correct": true, "method": "exposed", "bits": 16, "mib": 8}
{"condition": 23, "conditions": 33, "task": "31000-2", "correct": false, "method": "exposed", "bits": 16, "mib": 8}
{"condition": 23, "conditions": 33, "task": "31000-3", "correct": true, "method": "exposed", "bits": 16, "mib": 8}
{"condition": 23, "conditions": 33, "task": "31000-4", "correct": false, "method": "exposed", "bits": 16, "mib": 8}
{"condition": 23, "conditions": 33, "task": "31000-5", "correct": true, "method": "exposed", "bits": 16, "mib": 8}
{"condition": 23, "conditions": 33, "task": "31000-6", "correct": true, "method": "exposed", "bits": 16, "mib": 8}
{"condition": 23, "conditions": 33, "task": "31000-7", "correct": true, "method": "exposed", "bits": 16, "mib": 8}
{"condition": 23, "conditions": 33, "task": "31000-8", "correct": true, "method": "exposed", "bits": 16, "mib": 8}
{"condition": 23, "conditions": 33, "task": "31000-9", "correct": true, "method": "exposed", "bits": 16, "mib": 8}
{"condition": 23, "conditions": 33, "task": "31000-10", "correct": true, "method": "exposed", "bits": 16, "mib": 8}
{"condition": 23, "conditions": 33, "task": "31000-11", "correct": true, "method": "exposed", "bits": 16, "mib": 8}
{"condition": 23, "conditions": 33, "task": "31000-12", "correct": true, "method": "exposed", "bits": 16, "mib": 8}
{"condition": 23, "conditions": 33, "task": "31000-13", "correct": true, "method": "exposed", "bits": 16, "mib": 8}
{"condition": 23, "conditions": 33, "task": "31000-14", "correct": true, "method": "exposed", "bits": 16, "mib": 8}
{"condition": 23, "conditions": 33, "task": "31000-15", "correct": true, "method": "exposed", "bits": 16, "mib": 8}
{"condition": 23, "conditions": 33, "task": "31000-16", "correct": true, "method": "exposed", "bits": 16, "mib": 8}
{"condition": 23, "conditions": 33, "task": "31000-17", "correct": false, "method": "exposed", "bits": 16, "mib": 8}
{"condition": 23, "conditions": 33, "task": "31000-18", "correct": true, "method": "exposed", "bits": 16, "mib": 8}
{"condition": 23, "conditions": 33, "task": "31000-19", "correct": true, "method": "exposed", "bits": 16, "mib": 8}
{"condition": 23, "conditions": 33, "task": "31000-20", "correct": true, "method": "exposed", "bits": 16, "mib": 8}
{"condition": 23, "conditions": 33, "task": "31000-21", "correct": true, "method": "exposed", "bits": 16, "mib": 8}
{"condition": 23, "conditions": 33, "task": "31000-22", "correct": true, "method": "exposed", "bits": 16, "mib": 8}
{"condition": 23, "conditions": 33, "task": "31000-23", "correct": false, "method": "exposed", "bits": 16, "mib": 8}
{"condition": 24, "conditions": 33, "task": "31000-23", "correct": false, "method": "native", "bits": 16, "mib": 8}
{"condition": 24, "conditions": 33, "task": "31000-22", "correct": true, "method": "native", "bits": 16, "mib": 8}
{"condition": 24, "conditions": 33, "task": "31000-21", "correct": false, "method": "native", "bits": 16, "mib": 8}
{"condition": 24, "conditions": 33, "task": "31000-20", "correct": true, "method": "native", "bits": 16, "mib": 8}
{"condition": 24, "conditions": 33, "task": "31000-19", "correct": false, "method": "native", "bits": 16, "mib": 8}
{"condition": 24, "conditions": 33, "task": "31000-18", "correct": true, "method": "native", "bits": 16, "mib": 8}
{"condition": 24, "conditions": 33, "task": "31000-17", "correct": false, "method": "native", "bits": 16, "mib": 8}
{"condition": 24, "conditions": 33, "task": "31000-16", "correct": true, "method": "native", "bits": 16, "mib": 8}
{"condition": 24, "conditions": 33, "task": "31000-15", "correct": false, "method": "native", "bits": 16, "mib": 8}
{"condition": 24, "conditions": 33, "task": "31000-14", "correct": false, "method": "native", "bits": 16, "mib": 8}
{"condition": 24, "conditions": 33, "task": "31000-13", "correct": true, "method": "native", "bits": 16, "mib": 8}
{"condition": 24, "conditions": 33, "task": "31000-12", "correct": true, "method": "native", "bits": 16, "mib": 8}
{"condition": 24, "conditions": 33, "task": "31000-11", "correct": false, "method": "native", "bits": 16, "mib": 8}
{"condition": 24, "conditions": 33, "task": "31000-10", "correct": true, "method": "native", "bits": 16, "mib": 8}
{"condition": 24, "conditions": 33, "task": "31000-9", "correct": false, "method": "native", "bits": 16, "mib": 8}
{"condition": 24, "conditions": 33, "task": "31000-8", "correct": true, "method": "native", "bits": 16, "mib": 8}
{"condition": 24, "conditions": 33, "task": "31000-7", "correct": false, "method": "native", "bits": 16, "mib": 8}
{"condition": 24, "conditions": 33, "task": "31000-6", "correct": true, "method": "native", "bits": 16, "mib": 8}
{"condition": 24, "conditions": 33, "task": "31000-5", "correct": false, "method": "native", "bits": 16, "mib": 8}
{"condition": 24, "conditions": 33, "task": "31000-4", "correct": true, "method": "native", "bits": 16, "mib": 8}
{"condition": 24, "conditions": 33, "task": "31000-3", "correct": true, "method": "native", "bits": 16, "mib": 8}
{"condition": 24, "conditions": 33, "task": "31000-2", "correct": false, "method": "native", "bits": 16, "mib": 8}
{"condition": 24, "conditions": 33, "task": "31000-1", "correct": false, "method": "native", "bits": 16, "mib": 8}
{"condition": 24, "conditions": 33, "task": "31000-0", "correct": false, "method": "native", "bits": 16, "mib": 8}
{"condition": 25, "conditions": 33, "task": "31000-0", "correct": true, "method": "exposed", "bits": 16, "mib": 8}
{"condition": 25, "conditions": 33, "task": "31000-1", "correct": false, "method": "exposed", "bits": 16, "mib": 8}
{"condition": 25, "conditions": 33, "task": "31000-2", "correct": false, "method": "exposed", "bits": 16, "mib": 8}
{"condition": 25, "conditions": 33, "task": "31000-3", "correct": true, "method": "exposed", "bits": 16, "mib": 8}
{"condition": 25, "conditions": 33, "task": "31000-4", "correct": true, "method": "exposed", "bits": 16, "mib": 8}
{"condition": 25, "conditions": 33, "task": "31000-5", "correct": false, "method": "exposed", "bits": 16, "mib": 8}
{"condition": 25, "conditions": 33, "task": "31000-6", "correct": true, "method": "exposed", "bits": 16, "mib": 8}
{"condition": 25, "conditions": 33, "task": "31000-7", "correct": false, "method": "exposed", "bits": 16, "mib": 8}
{"condition": 25, "conditions": 33, "task": "31000-8", "correct": true, "method": "exposed", "bits": 16, "mib": 8}
{"condition": 25, "conditions": 33, "task": "31000-9", "correct": false, "method": "exposed", "bits": 16, "mib": 8}
{"condition": 25, "conditions": 33, "task": "31000-10", "correct": true, "method": "exposed", "bits": 16, "mib": 8}
{"condition": 25, "conditions": 33, "task": "31000-11", "correct": false, "method": "exposed", "bits": 16, "mib": 8}
{"condition": 25, "conditions": 33, "task": "31000-12", "correct": true, "method": "exposed", "bits": 16, "mib": 8}
{"condition": 25, "conditions": 33, "task": "31000-13", "correct": true, "method": "exposed", "bits": 16, "mib": 8}
{"condition": 25, "conditions": 33, "task": "31000-14", "correct": true, "method": "exposed", "bits": 16, "mib": 8}
{"condition": 25, "conditions": 33, "task": "31000-15", "correct": false, "method": "exposed", "bits": 16, "mib": 8}
{"condition": 25, "conditions": 33, "task": "31000-16", "correct": true, "method": "exposed", "bits": 16, "mib": 8}
{"condition": 25, "conditions": 33, "task": "31000-17", "correct": false, "method": "exposed", "bits": 16, "mib": 8}
{"condition": 25, "conditions": 33, "task": "31000-18", "correct": true, "method": "exposed", "bits": 16, "mib": 8}
{"condition": 25, "conditions": 33, "task": "31000-19", "correct": false, "method": "exposed", "bits": 16, "mib": 8}
{"condition": 25, "conditions": 33, "task": "31000-20", "correct": true, "method": "exposed", "bits": 16, "mib": 8}
{"condition": 25, "conditions": 33, "task": "31000-21", "correct": false, "method": "exposed", "bits": 16, "mib": 8}
{"condition": 25, "conditions": 33, "task": "31000-22", "correct": true, "method": "exposed", "bits": 16, "mib": 8}
{"condition": 25, "conditions": 33, "task": "31000-23", "correct": false, "method": "exposed", "bits": 16, "mib": 8}
{"condition": 26, "conditions": 33, "task": "31000-23", "correct": false, "method": "recency", "bits": 8, "mib": 8}
{"condition": 26, "conditions": 33, "task": "31000-22", "correct": false, "method": "recency", "bits": 8, "mib": 8}
{"condition": 26, "conditions": 33, "task": "31000-21", "correct": false, "method": "recency", "bits": 8, "mib": 8}
{"condition": 26, "conditions": 33, "task": "31000-20", "correct": false, "method": "recency", "bits": 8, "mib": 8}
{"condition": 26, "conditions": 33, "task": "31000-19", "correct": false, "method": "recency", "bits": 8, "mib": 8}
{"condition": 26, "conditions": 33, "task": "31000-18", "correct": false, "method": "recency", "bits": 8, "mib": 8}
{"condition": 26, "conditions": 33, "task": "31000-17", "correct": false, "method": "recency", "bits": 8, "mib": 8}
{"condition": 26, "conditions": 33, "task": "31000-16", "correct": false, "method": "recency", "bits": 8, "mib": 8}
{"condition": 26, "conditions": 33, "task": "31000-15", "correct": false, "method": "recency", "bits": 8, "mib": 8}
{"condition": 26, "conditions": 33, "task": "31000-14", "correct": false, "method": "recency", "bits": 8, "mib": 8}
{"condition": 26, "conditions": 33, "task": "31000-13", "correct": false, "method": "recency", "bits": 8, "mib": 8}
{"condition": 26, "conditions": 33, "task": "31000-12", "correct": false, "method": "recency", "bits": 8, "mib": 8}
{"condition": 26, "conditions": 33, "task": "31000-11", "correct": false, "method": "recency", "bits": 8, "mib": 8}
{"condition": 26, "conditions": 33, "task": "31000-10", "correct": false, "method": "recency", "bits": 8, "mib": 8}
{"condition": 26, "conditions": 33, "task": "31000-9", "correct": false, "method": "recency", "bits": 8, "mib": 8}
{"condition": 26, "conditions": 33, "task": "31000-8", "correct": false, "method": "recency", "bits": 8, "mib": 8}
{"condition": 26, "conditions": 33, "task": "31000-7", "correct": false, "method": "recency", "bits": 8, "mib": 8}
{"condition": 26, "conditions": 33, "task": "31000-6", "correct": false, "method": "recency", "bits": 8, "mib": 8}
{"condition": 26, "conditions": 33, "task": "31000-5", "correct": false, "method": "recency", "bits": 8, "mib": 8}
{"condition": 26, "conditions": 33, "task": "31000-4", "correct": false, "method": "recency", "bits": 8, "mib": 8}
{"condition": 26, "conditions": 33, "task": "31000-3", "correct": false, "method": "recency", "bits": 8, "mib": 8}
{"condition": 26, "conditions": 33, "task": "31000-2", "correct": false, "method": "recency", "bits": 8, "mib": 8}
{"condition": 26, "conditions": 33, "task": "31000-1", "correct": false, "method": "recency", "bits": 8, "mib": 8}
{"condition": 26, "conditions": 33, "task": "31000-0", "correct": false, "method": "recency", "bits": 8, "mib": 8}
{"condition": 27, "conditions": 33, "task": "31000-0", "correct": false, "method": "random", "bits": 8, "mib": 8}
{"condition": 27, "conditions": 33, "task": "31000-1", "correct": false, "method": "random", "bits": 8, "mib": 8}
{"condition": 27, "conditions": 33, "task": "31000-2", "correct": true, "method": "random", "bits": 8, "mib": 8}
{"condition": 27, "conditions": 33, "task": "31000-3", "correct": false, "method": "random", "bits": 8, "mib": 8}
{"condition": 27, "conditions": 33, "task": "31000-4", "correct": true, "method": "random", "bits": 8, "mib": 8}
{"condition": 27, "conditions": 33, "task": "31000-5", "correct": true, "method": "random", "bits": 8, "mib": 8}
{"condition": 27, "conditions": 33, "task": "31000-6", "correct": true, "method": "random", "bits": 8, "mib": 8}
{"condition": 27, "conditions": 33, "task": "31000-7", "correct": false, "method": "random", "bits": 8, "mib": 8}
{"condition": 27, "conditions": 33, "task": "31000-8", "correct": false, "method": "random", "bits": 8, "mib": 8}
{"condition": 27, "conditions": 33, "task": "31000-9", "correct": true, "method": "random", "bits": 8, "mib": 8}
{"condition": 27, "conditions": 33, "task": "31000-10", "correct": true, "method": "random", "bits": 8, "mib": 8}
{"condition": 27, "conditions": 33, "task": "31000-11", "correct": true, "method": "random", "bits": 8, "mib": 8}
{"condition": 27, "conditions": 33, "task": "31000-12", "correct": false, "method": "random", "bits": 8, "mib": 8}
{"condition": 27, "conditions": 33, "task": "31000-13", "correct": true, "method": "random", "bits": 8, "mib": 8}
{"condition": 27, "conditions": 33, "task": "31000-14", "correct": true, "method": "random", "bits": 8, "mib": 8}
{"condition": 27, "conditions": 33, "task": "31000-15", "correct": true, "method": "random", "bits": 8, "mib": 8}
{"condition": 27, "conditions": 33, "task": "31000-16", "correct": true, "method": "random", "bits": 8, "mib": 8}
{"condition": 27, "conditions": 33, "task": "31000-17", "correct": false, "method": "random", "bits": 8, "mib": 8}
{"condition": 27, "conditions": 33, "task": "31000-18", "correct": true, "method": "random", "bits": 8, "mib": 8}
{"condition": 27, "conditions": 33, "task": "31000-19", "correct": false, "method": "random", "bits": 8, "mib": 8}
{"condition": 27, "conditions": 33, "task": "31000-20", "correct": true, "method": "random", "bits": 8, "mib": 8}
{"condition": 27, "conditions": 33, "task": "31000-21", "correct": false, "method": "random", "bits": 8, "mib": 8}
{"condition": 27, "conditions": 33, "task": "31000-22", "correct": true, "method": "random", "bits": 8, "mib": 8}
{"condition": 27, "conditions": 33, "task": "31000-23", "correct": true, "method": "random", "bits": 8, "mib": 8}
{"condition": 28, "conditions": 33, "task": "31000-23", "correct": true, "method": "native", "bits": 8, "mib": 8}
{"condition": 28, "conditions": 33, "task": "31000-22", "correct": true, "method": "native", "bits": 8, "mib": 8}
{"condition": 28, "conditions": 33, "task": "31000-21", "correct": true, "method": "native", "bits": 8, "mib": 8}
{"condition": 28, "conditions": 33, "task": "31000-20", "correct": true, "method": "native", "bits": 8, "mib": 8}
{"condition": 28, "conditions": 33, "task": "31000-19", "correct": true, "method": "native", "bits": 8, "mib": 8}
{"condition": 28, "conditions": 33, "task": "31000-18", "correct": true, "method": "native", "bits": 8, "mib": 8}
{"condition": 28, "conditions": 33, "task": "31000-17", "correct": true, "method": "native", "bits": 8, "mib": 8}
{"condition": 28, "conditions": 33, "task": "31000-16", "correct": true, "method": "native", "bits": 8, "mib": 8}
{"condition": 28, "conditions": 33, "task": "31000-15", "correct": true, "method": "native", "bits": 8, "mib": 8}
{"condition": 28, "conditions": 33, "task": "31000-14", "correct": true, "method": "native", "bits": 8, "mib": 8}
{"condition": 28, "conditions": 33, "task": "31000-13", "correct": true, "method": "native", "bits": 8, "mib": 8}
{"condition": 28, "conditions": 33, "task": "31000-12", "correct": true, "method": "native", "bits": 8, "mib": 8}
{"condition": 28, "conditions": 33, "task": "31000-11", "correct": true, "method": "native", "bits": 8, "mib": 8}
{"condition": 28, "conditions": 33, "task": "31000-10", "correct": true, "method": "native", "bits": 8, "mib": 8}
{"condition": 28, "conditions": 33, "task": "31000-9", "correct": true, "method": "native", "bits": 8, "mib": 8}
{"condition": 28, "conditions": 33, "task": "31000-8", "correct": true, "method": "native", "bits": 8, "mib": 8}
{"condition": 28, "conditions": 33, "task": "31000-7", "correct": true, "method": "native", "bits": 8, "mib": 8}
{"condition": 28, "conditions": 33, "task": "31000-6", "correct": true, "method": "native", "bits": 8, "mib": 8}
{"condition": 28, "conditions": 33, "task": "31000-5", "correct": true, "method": "native", "bits": 8, "mib": 8}
{"condition": 28, "conditions": 33, "task": "31000-4", "correct": true, "method": "native", "bits": 8, "mib": 8}
{"condition": 28, "conditions": 33, "task": "31000-3", "correct": true, "method": "native", "bits": 8, "mib": 8}
{"condition": 28, "conditions": 33, "task": "31000-2", "correct": true, "method": "native", "bits": 8, "mib": 8}
{"condition": 28, "conditions": 33, "task": "31000-1", "correct": true, "method": "native", "bits": 8, "mib": 8}
{"condition": 28, "conditions": 33, "task": "31000-0", "correct": true, "method": "native", "bits": 8, "mib": 8}
{"condition": 29, "conditions": 33, "task": "31000-0", "correct": true, "method": "exposed", "bits": 8, "mib": 8}
{"condition": 29, "conditions": 33, "task": "31000-1", "correct": true, "method": "exposed", "bits": 8, "mib": 8}
{"condition": 29, "conditions": 33, "task": "31000-2", "correct": true, "method": "exposed", "bits": 8, "mib": 8}
{"condition": 29, "conditions": 33, "task": "31000-3", "correct": true, "method": "exposed", "bits": 8, "mib": 8}
{"condition": 29, "conditions": 33, "task": "31000-4", "correct": true, "method": "exposed", "bits": 8, "mib": 8}
{"condition": 29, "conditions": 33, "task": "31000-5", "correct": true, "method": "exposed", "bits": 8, "mib": 8}
{"condition": 29, "conditions": 33, "task": "31000-6", "correct": true, "method": "exposed", "bits": 8, "mib": 8}
{"condition": 29, "conditions": 33, "task": "31000-7", "correct": true, "method": "exposed", "bits": 8, "mib": 8}
{"condition": 29, "conditions": 33, "task": "31000-8", "correct": true, "method": "exposed", "bits": 8, "mib": 8}
{"condition": 29, "conditions": 33, "task": "31000-9", "correct": true, "method": "exposed", "bits": 8, "mib": 8}
{"condition": 29, "conditions": 33, "task": "31000-10", "correct": true, "method": "exposed", "bits": 8, "mib": 8}
{"condition": 29, "conditions": 33, "task": "31000-11", "correct": true, "method": "exposed", "bits": 8, "mib": 8}
{"condition": 29, "conditions": 33, "task": "31000-12", "correct": true, "method": "exposed", "bits": 8, "mib": 8}
{"condition": 29, "conditions": 33, "task": "31000-13", "correct": true, "method": "exposed", "bits": 8, "mib": 8}
{"condition": 29, "conditions": 33, "task": "31000-14", "correct": true, "method": "exposed", "bits": 8, "mib": 8}
{"condition": 29, "conditions": 33, "task": "31000-15", "correct": true, "method": "exposed", "bits": 8, "mib": 8}
{"condition": 29, "conditions": 33, "task": "31000-16", "correct": true, "method": "exposed", "bits": 8, "mib": 8}
{"condition": 29, "conditions": 33, "task": "31000-17", "correct": true, "method": "exposed", "bits": 8, "mib": 8}
{"condition": 29, "conditions": 33, "task": "31000-18", "correct": true, "method": "exposed", "bits": 8, "mib": 8}
{"condition": 29, "conditions": 33, "task": "31000-19", "correct": true, "method": "exposed", "bits": 8, "mib": 8}
{"condition": 29, "conditions": 33, "task": "31000-20", "correct": true, "method": "exposed", "bits": 8, "mib": 8}
{"condition": 29, "conditions": 33, "task": "31000-21", "correct": true, "method": "exposed", "bits": 8, "mib": 8}
{"condition": 29, "conditions": 33, "task": "31000-22", "correct": true, "method": "exposed", "bits": 8, "mib": 8}
{"condition": 29, "conditions": 33, "task": "31000-23", "correct": true, "method": "exposed", "bits": 8, "mib": 8}
{"condition": 30, "conditions": 33, "task": "31000-23", "correct": true, "method": "native", "bits": 8, "mib": 8}
{"condition": 30, "conditions": 33, "task": "31000-22", "correct": true, "method": "native", "bits": 8, "mib": 8}
{"condition": 30, "conditions": 33, "task": "31000-21", "correct": true, "method": "native", "bits": 8, "mib": 8}
{"condition": 30, "conditions": 33, "task": "31000-20", "correct": true, "method": "native", "bits": 8, "mib": 8}
{"condition": 30, "conditions": 33, "task": "31000-19", "correct": true, "method": "native", "bits": 8, "mib": 8}
{"condition": 30, "conditions": 33, "task": "31000-18", "correct": true, "method": "native", "bits": 8, "mib": 8}
{"condition": 30, "conditions": 33, "task": "31000-17", "correct": true, "method": "native", "bits": 8, "mib": 8}
{"condition": 30, "conditions": 33, "task": "31000-16", "correct": true, "method": "native", "bits": 8, "mib": 8}
{"condition": 30, "conditions": 33, "task": "31000-15", "correct": true, "method": "native", "bits": 8, "mib": 8}
{"condition": 30, "conditions": 33, "task": "31000-14", "correct": true, "method": "native", "bits": 8, "mib": 8}
{"condition": 30, "conditions": 33, "task": "31000-13", "correct": true, "method": "native", "bits": 8, "mib": 8}
{"condition": 30, "conditions": 33, "task": "31000-12", "correct": true, "method": "native", "bits": 8, "mib": 8}
{"condition": 30, "conditions": 33, "task": "31000-11", "correct": true, "method": "native", "bits": 8, "mib": 8}
{"condition": 30, "conditions": 33, "task": "31000-10", "correct": true, "method": "native", "bits": 8, "mib": 8}
{"condition": 30, "conditions": 33, "task": "31000-9", "correct": true, "method": "native", "bits": 8, "mib": 8}
{"condition": 30, "conditions": 33, "task": "31000-8", "correct": true, "method": "native", "bits": 8, "mib": 8}
{"condition": 30, "conditions": 33, "task": "31000-7", "correct": true, "method": "native", "bits": 8, "mib": 8}
{"condition": 30, "conditions": 33, "task": "31000-6", "correct": true, "method": "native", "bits": 8, "mib": 8}
{"condition": 30, "conditions": 33, "task": "31000-5", "correct": true, "method": "native", "bits": 8, "mib": 8}
{"condition": 30, "conditions": 33, "task": "31000-4", "correct": true, "method": "native", "bits": 8, "mib": 8}
{"condition": 30, "conditions": 33, "task": "31000-3", "correct": true, "method": "native", "bits": 8, "mib": 8}
{"condition": 30, "conditions": 33, "task": "31000-2", "correct": true, "method": "native", "bits": 8, "mib": 8}
{"condition": 30, "conditions": 33, "task": "31000-1", "correct": true, "method": "native", "bits": 8, "mib": 8}
{"condition": 30, "conditions": 33, "task": "31000-0", "correct": true, "method": "native", "bits": 8, "mib": 8}
{"condition": 31, "conditions": 33, "task": "31000-0", "correct": true, "method": "exposed", "bits": 8, "mib": 8}
{"condition": 31, "conditions": 33, "task": "31000-1", "correct": true, "method": "exposed", "bits": 8, "mib": 8}
{"condition": 31, "conditions": 33, "task": "31000-2", "correct": true, "method": "exposed", "bits": 8, "mib": 8}
{"condition": 31, "conditions": 33, "task": "31000-3", "correct": true, "method": "exposed", "bits": 8, "mib": 8}
{"condition": 31, "conditions": 33, "task": "31000-4", "correct": true, "method": "exposed", "bits": 8, "mib": 8}
{"condition": 31, "conditions": 33, "task": "31000-5", "correct": true, "method": "exposed", "bits": 8, "mib": 8}
{"condition": 31, "conditions": 33, "task": "31000-6", "correct": true, "method": "exposed", "bits": 8, "mib": 8}
{"condition": 31, "conditions": 33, "task": "31000-7", "correct": true, "method": "exposed", "bits": 8, "mib": 8}
{"condition": 31, "conditions": 33, "task": "31000-8", "correct": true, "method": "exposed", "bits": 8, "mib": 8}
{"condition": 31, "conditions": 33, "task": "31000-9", "correct": true, "method": "exposed", "bits": 8, "mib": 8}
{"condition": 31, "conditions": 33, "task": "31000-10", "correct": true, "method": "exposed", "bits": 8, "mib": 8}
{"condition": 31, "conditions": 33, "task": "31000-11", "correct": true, "method": "exposed", "bits": 8, "mib": 8}
{"condition": 31, "conditions": 33, "task": "31000-12", "correct": true, "method": "exposed", "bits": 8, "mib": 8}
{"condition": 31, "conditions": 33, "task": "31000-13", "correct": true, "method": "exposed", "bits": 8, "mib": 8}
{"condition": 31, "conditions": 33, "task": "31000-14", "correct": true, "method": "exposed", "bits": 8, "mib": 8}
{"condition": 31, "conditions": 33, "task": "31000-15", "correct": true, "method": "exposed", "bits": 8, "mib": 8}
{"condition": 31, "conditions": 33, "task": "31000-16", "correct": true, "method": "exposed", "bits": 8, "mib": 8}
{"condition": 31, "conditions": 33, "task": "31000-17", "correct": true, "method": "exposed", "bits": 8, "mib": 8}
{"condition": 31, "conditions": 33, "task": "31000-18", "correct": true, "method": "exposed", "bits": 8, "mib": 8}
{"condition": 31, "conditions": 33, "task": "31000-19", "correct": true, "method": "exposed", "bits": 8, "mib": 8}
{"condition": 31, "conditions": 33, "task": "31000-20", "correct": true, "method": "exposed", "bits": 8, "mib": 8}
{"condition": 31, "conditions": 33, "task": "31000-21", "correct": true, "method": "exposed", "bits": 8, "mib": 8}
{"condition": 31, "conditions": 33, "task": "31000-22", "correct": true, "method": "exposed", "bits": 8, "mib": 8}
{"condition": 31, "conditions": 33, "task": "31000-23", "correct": true, "method": "exposed", "bits": 8, "mib": 8}
{"condition": 32, "conditions": 33, "task": "31000-23", "correct": false, "method": "native", "bits": 8, "mib": 8}
{"condition": 32, "conditions": 33, "task": "31000-22", "correct": true, "method": "native", "bits": 8, "mib": 8}
{"condition": 32, "conditions": 33, "task": "31000-21", "correct": false, "method": "native", "bits": 8, "mib": 8}
{"condition": 32, "conditions": 33, "task": "31000-20", "correct": true, "method": "native", "bits": 8, "mib": 8}
{"condition": 32, "conditions": 33, "task": "31000-19", "correct": true, "method": "native", "bits": 8, "mib": 8}
{"condition": 32, "conditions": 33, "task": "31000-18", "correct": true, "method": "native", "bits": 8, "mib": 8}
{"condition": 32, "conditions": 33, "task": "31000-17", "correct": false, "method": "native", "bits": 8, "mib": 8}
{"condition": 32, "conditions": 33, "task": "31000-16", "correct": true, "method": "native", "bits": 8, "mib": 8}
{"condition": 32, "conditions": 33, "task": "31000-15", "correct": false, "method": "native", "bits": 8, "mib": 8}
{"condition": 32, "conditions": 33, "task": "31000-14", "correct": true, "method": "native", "bits": 8, "mib": 8}
{"condition": 32, "conditions": 33, "task": "31000-13", "correct": true, "method": "native", "bits": 8, "mib": 8}
{"condition": 32, "conditions": 33, "task": "31000-12", "correct": true, "method": "native", "bits": 8, "mib": 8}
{"condition": 32, "conditions": 33, "task": "31000-11", "correct": true, "method": "native", "bits": 8, "mib": 8}
{"condition": 32, "conditions": 33, "task": "31000-10", "correct": true, "method": "native", "bits": 8, "mib": 8}
{"condition": 32, "conditions": 33, "task": "31000-9", "correct": true, "method": "native", "bits": 8, "mib": 8}
{"condition": 32, "conditions": 33, "task": "31000-8", "correct": true, "method": "native", "bits": 8, "mib": 8}
{"condition": 32, "conditions": 33, "task": "31000-7", "correct": false, "method": "native", "bits": 8, "mib": 8}
{"condition": 32, "conditions": 33, "task": "31000-6", "correct": true, "method": "native", "bits": 8, "mib": 8}
{"condition": 32, "conditions": 33, "task": "31000-5", "correct": true, "method": "native", "bits": 8, "mib": 8}
{"condition": 32, "conditions": 33, "task": "31000-4", "correct": true, "method": "native", "bits": 8, "mib": 8}
{"condition": 32, "conditions": 33, "task": "31000-3", "correct": true, "method": "native", "bits": 8, "mib": 8}
{"condition": 32, "conditions": 33, "task": "31000-2", "correct": true, "method": "native", "bits": 8, "mib": 8}
{"condition": 32, "conditions": 33, "task": "31000-1", "correct": false, "method": "native", "bits": 8, "mib": 8}
{"condition": 32, "conditions": 33, "task": "31000-0", "correct": true, "method": "native", "bits": 8, "mib": 8}
{"condition": 33, "conditions": 33, "task": "31000-0", "correct": true, "method": "exposed", "bits": 8, "mib": 8}
{"condition": 33, "conditions": 33, "task": "31000-1", "correct": false, "method": "exposed", "bits": 8, "mib": 8}
{"condition": 33, "conditions": 33, "task": "31000-2", "correct": true, "method": "exposed", "bits": 8, "mib": 8}
{"condition": 33, "conditions": 33, "task": "31000-3", "correct": true, "method": "exposed", "bits": 8, "mib": 8}
{"condition": 33, "conditions": 33, "task": "31000-4", "correct": true, "method": "exposed", "bits": 8, "mib": 8}
{"condition": 33, "conditions": 33, "task": "31000-5", "correct": true, "method": "exposed", "bits": 8, "mib": 8}
{"condition": 33, "conditions": 33, "task": "31000-6", "correct": true, "method": "exposed", "bits": 8, "mib": 8}
{"condition": 33, "conditions": 33, "task": "31000-7", "correct": false, "method": "exposed", "bits": 8, "mib": 8}
{"condition": 33, "conditions": 33, "task": "31000-8", "correct": true, "method": "exposed", "bits": 8, "mib": 8}
{"condition": 33, "conditions": 33, "task": "31000-9", "correct": true, "method": "exposed", "bits": 8, "mib": 8}
{"condition": 33, "conditions": 33, "task": "31000-10", "correct": true, "method": "exposed", "bits": 8, "mib": 8}
{"condition": 33, "conditions": 33, "task": "31000-11", "correct": true, "method": "exposed", "bits": 8, "mib": 8}
{"condition": 33, "conditions": 33, "task": "31000-12", "correct": true, "method": "exposed", "bits": 8, "mib": 8}
{"condition": 33, "conditions": 33, "task": "31000-13", "correct": true, "method": "exposed", "bits": 8, "mib": 8}
{"condition": 33, "conditions": 33, "task": "31000-14", "correct": true, "method": "exposed", "bits": 8, "mib": 8}
{"condition": 33, "conditions": 33, "task": "31000-15", "correct": false, "method": "exposed", "bits": 8, "mib": 8}
{"condition": 33, "conditions": 33, "task": "31000-16", "correct": false, "method": "exposed", "bits": 8, "mib": 8}
{"condition": 33, "conditions": 33, "task": "31000-17", "correct": true, "method": "exposed", "bits": 8, "mib": 8}
{"condition": 33, "conditions": 33, "task": "31000-18", "correct": true, "method": "exposed", "bits": 8, "mib": 8}
{"condition": 33, "conditions": 33, "task": "31000-19", "correct": true, "method": "exposed", "bits": 8, "mib": 8}
{"condition": 33, "conditions": 33, "task": "31000-20", "correct": true, "method": "exposed", "bits": 8, "mib": 8}
{"condition": 33, "conditions": 33, "task": "31000-21", "correct": false, "method": "exposed", "bits": 8, "mib": 8}
{"condition": 33, "conditions": 33, "task": "31000-22", "correct": true, "method": "exposed", "bits": 8, "mib": 8}
{"condition": 33, "conditions": 33, "task": "31000-23", "correct": false, "method": "exposed", "bits": 8, "mib": 8}
